******************************************************************************
                  TI ARM Linker PC v16.9.4                     
******************************************************************************
>> Linked Fri Oct 06 04:48:09 2017

OUTPUT FILE NAME:   <Project_1.out>
ENTRY POINT SYMBOL: "_c_int00"  address: 00000db9


MEMORY CONFIGURATION

         name            origin    length      used     unused   attr    fill
----------------------  --------  ---------  --------  --------  ----  --------
  MAIN                  00000000   00040000  00000f9c  0003f064  R  X
  INFO                  00200000   00004000  00000000  00004000  R  X
  SRAM_CODE             01000000   00010000  0000024c  0000fdb4  RW X
  SRAM_DATA             20000000   00010000  0000024c  0000fdb4  RW  


SEGMENT ALLOCATION MAP

run origin  load origin   length   init length attrs members
----------  ----------- ---------- ----------- ----- -------
00000000    00000000    00000fa0   00000fa0    r-x
  00000000    00000000    000000e4   000000e4    r-- .intvecs
  000000e4    000000e4    00000e54   00000e54    r-x .text
  00000f38    00000f38    00000014   00000014    r-- .const
  00000f50    00000f50    00000050   00000050    r-- .cinit
20000000    20000000    0000004c   00000000    rw-
  20000000    20000000    0000004c   00000000    rw- .data
2000fe00    2000fe00    00000200   00000000    rw-
  2000fe00    2000fe00    00000200   00000000    rw- .stack


SECTION ALLOCATION MAP

 output                                  attributes/
section   page    origin      length       input sections
--------  ----  ----------  ----------   ----------------
.intvecs   0    00000000    000000e4     
                  00000000    000000e4     startup_msp432p401r_ccs.obj (.intvecs:retain)

.binit     0    00000000    00000000     

.text      0    000000e4    00000e54     
                  000000e4    0000032c     system_msp432p401r.obj (.text)
                  00000410    000002f8     lcd.obj (.text)
                  00000708    00000208     main.obj (.text)
                  00000910    0000014c     keypad.obj (.text)
                  00000a5c    00000134     clock.obj (.text)
                  00000b90    000000b4     delay.obj (.text)
                  00000c44    0000009c     rtsv7M4_T_le_v4SPD16_eabi.lib : memcpy_t2.obj (.text)
                  00000ce0    00000070                                   : autoinit.obj (.text)
                  00000d50    00000068                                   : copy_decompress_lzss.obj (.text:decompress:lzss)
                  00000db8    00000054                                   : boot.obj (.text)
                  00000e0c    00000054                                   : exit.obj (.text)
                  00000e60    0000004c                                   : cpy_tbl.obj (.text)
                  00000eac    0000003c     led.obj (.text)
                  00000ee8    00000018     rtsv7M4_T_le_v4SPD16_eabi.lib : args_main.obj (.text)
                  00000f00    00000014                                   : _lock.obj (.text)
                  00000f14    0000000e                                   : copy_decompress_none.obj (.text:decompress:none)
                  00000f22    0000000e     startup_msp432p401r_ccs.obj (.text)
                  00000f30    00000004     rtsv7M4_T_le_v4SPD16_eabi.lib : pre_init.obj (.text)
                  00000f34    00000002                                   : mpu_init.obj (.text)
                  00000f36    00000002                                   : startup.obj (.text)

.const     0    00000f38    00000014     
                  00000f38    00000010     keypad.obj (.const:.string)
                  00000f48    00000004     keypad.obj (.const:.string:$P$T0$1)

.cinit     0    00000f50    00000050     
                  00000f50    0000003f     (.cinit..data.load) [load image, compression = lzss]
                  00000f8f    00000001     --HOLE-- [fill = 0]
                  00000f90    00000008     (__TI_handler_table)
                  00000f98    00000008     (__TI_cinit_table)

.init_array 
*          0    00000000    00000000     UNINITIALIZED

.data      0    20000000    0000004c     UNINITIALIZED
                  20000000    00000010     keypad.obj (.data:keymap)
                  20000010    0000000c     rtsv7M4_T_le_v4SPD16_eabi.lib : exit.obj (.data:$O1$$)
                  2000001c    00000008                                   : _lock.obj (.data:$O1$$)
                  20000024    00000008     main.obj (.data:pattern_locked)
                  2000002c    00000008     main.obj (.data:pattern_skull)
                  20000034    00000008     main.obj (.data:pattern_unlocked)
                  2000003c    00000005     main.obj (.data:password)
                  20000041    00000003     --HOLE--
                  20000044    00000004     rtsv7M4_T_le_v4SPD16_eabi.lib : stkdepth_vars.obj (.data)
                  20000048    00000004     system_msp432p401r.obj (.data)

.stack     0    2000fe00    00000200     UNINITIALIZED
                  2000fe00    00000200     --HOLE--

MODULE SUMMARY

       Module                        code   ro data   rw data
       ------                        ----   -------   -------
    .\
       system_msp432p401r.obj        812    0         8      
       lcd.obj                       760    0         0      
       main.obj                      520    0         58     
       keypad.obj                    332    20        32     
       clock.obj                     308    0         0      
       startup_msp432p401r_ccs.obj   14     228       0      
       delay.obj                     180    0         0      
       led.obj                       60     0         0      
    +--+-----------------------------+------+---------+---------+
       Total:                        2986   248       98     
                                                             
    C:\ti\ccsv7\tools\compiler\ti-cgt-arm_16.9.4.LTS\lib\rtsv7M4_T_le_v4SPD16_eabi.lib
       memcpy_t2.obj                 156    0         0      
       autoinit.obj                  112    0         0      
       exit.obj                      84     0         24     
       copy_decompress_lzss.obj      104    0         0      
       boot.obj                      84     0         0      
       cpy_tbl.obj                   76     0         0      
       _lock.obj                     20     0         16     
       args_main.obj                 24     0         0      
       copy_decompress_none.obj      14     0         0      
       stkdepth_vars.obj             0      0         8      
       pre_init.obj                  4      0         0      
       mpu_init.obj                  2      0         0      
       startup.obj                   2      0         0      
    +--+-----------------------------+------+---------+---------+
       Total:                        682    0         48     
                                                             
       Stack:                        0      0         1024   
       Linker Generated:             0      79        0      
    +--+-----------------------------+------+---------+---------+
       Grand Total:                  3668   327       1170   


LINKER GENERATED COPY TABLES

__TI_cinit_table @ 00000f98 records: 1, size/record: 8, table size: 8
	.data: load addr=00000f50, load size=0000003f bytes, run addr=20000000, run size=0000004c bytes, compression=lzss


LINKER GENERATED HANDLER TABLE

__TI_handler_table @ 00000f90 records: 2, size/record: 4, table size: 8
	index: 0, handler: __TI_decompress_lzss
	index: 1, handler: __TI_decompress_none


GLOBAL SYMBOLS: SORTED ALPHABETICALLY BY Name 

address   name                           
-------   ----                           
00000f2f  ADC14_IRQHandler               
00000f2f  AES256_IRQHandler              
00000f2f  BusFault_Handler               
00000e0d  C$$EXIT                        
00000f2f  COMP_E0_IRQHandler             
00000f2f  COMP_E1_IRQHandler             
00000f2f  CS_IRQHandler                  
00000f2f  DMA_ERR_IRQHandler             
00000f2f  DMA_INT0_IRQHandler            
00000f2f  DMA_INT1_IRQHandler            
00000f2f  DMA_INT2_IRQHandler            
00000f2f  DMA_INT3_IRQHandler            
00000f2f  DebugMon_Handler               
00000f2f  Default_Handler                
00000f2f  EUSCIA0_IRQHandler             
00000f2f  EUSCIA1_IRQHandler             
00000f2f  EUSCIA2_IRQHandler             
00000f2f  EUSCIA3_IRQHandler             
00000f2f  EUSCIB0_IRQHandler             
00000f2f  EUSCIB1_IRQHandler             
00000f2f  EUSCIB2_IRQHandler             
00000f2f  EUSCIB3_IRQHandler             
00000f2f  FLCTL_IRQHandler               
00000f2f  FPU_IRQHandler                 
00000f2f  HardFault_Handler              
00000f2f  MemManage_Handler              
00000f2f  NMI_Handler                    
00000f2f  PCM_IRQHandler                 
00000f2f  PORT1_IRQHandler               
00000f2f  PORT2_IRQHandler               
00000f2f  PORT3_IRQHandler               
00000f2f  PORT4_IRQHandler               
00000f2f  PORT5_IRQHandler               
00000f2f  PORT6_IRQHandler               
00000f2f  PSS_IRQHandler                 
00000f2f  PendSV_Handler                 
00000f2f  RTC_C_IRQHandler               
00000f23  Reset_Handler                  
UNDEFED   SHT$$INIT_ARRAY$$Base          
UNDEFED   SHT$$INIT_ARRAY$$Limit         
00000f2f  SVC_Handler                    
00000f2f  SysTick_Handler                
20000048  SystemCoreClock                
000000e5  SystemCoreClockUpdate          
00000359  SystemInit                     
00000f2f  T32_INT1_IRQHandler            
00000f2f  T32_INT2_IRQHandler            
00000f2f  T32_INTC_IRQHandler            
00000f2f  TA0_0_IRQHandler               
00000f2f  TA0_N_IRQHandler               
00000f2f  TA1_0_IRQHandler               
00000f2f  TA1_N_IRQHandler               
00000f2f  TA2_0_IRQHandler               
00000f2f  TA2_N_IRQHandler               
00000f2f  TA3_0_IRQHandler               
00000f2f  TA3_N_IRQHandler               
00000f2f  UsageFault_Handler             
4000480c  WDTCTL_SYM                     
00000f2f  WDT_A_IRQHandler               
20010000  __STACK_END                    
00000200  __STACK_SIZE                   
00000f98  __TI_CINIT_Base                
00000fa0  __TI_CINIT_Limit               
00000f90  __TI_Handler_Table_Base        
00000f98  __TI_Handler_Table_Limit       
00000ce1  __TI_auto_init                 
20000010  __TI_cleanup_ptr               
00000d51  __TI_decompress_lzss           
00000f15  __TI_decompress_none           
20000014  __TI_dtors_ptr                 
20000018  __TI_enable_exit_profile_output
ffffffff  __TI_pprof_out_hndl            
ffffffff  __TI_prof_data_size            
ffffffff  __TI_prof_data_start           
00000000  __TI_static_base__             
00000c45  __aeabi_memcpy                 
00000c45  __aeabi_memcpy4                
00000c45  __aeabi_memcpy8                
ffffffff  __binit__                      
ffffffff  __c_args__                     
00000f35  __mpu_init                     
2000fe00  __stack                        
00000ee9  _args_main                     
00000db9  _c_int00                       
2000001c  _lock                          
00000f0f  _nop                           
00000f07  _register_lock                 
00000f01  _register_unlock               
00000f37  _system_post_cinit             
00000f31  _system_pre_init               
20000020  _unlock                        
00000e11  abort                          
ffffffff  binit                          
0000044d  clear_bits                     
00000e61  copy_in                        
00000b91  delay_ms                       
00000bfd  delay_us                       
00000e19  exit                           
00000000  interruptVectors               
00000737  invalid_key                    
20000000  keymap                         
0000092f  keypad_getkey                  
00000911  keypad_init                    
00000637  lcd_clear_display              
000006b5  lcd_clear_dynamic              
00000667  lcd_clear_lower                
0000064f  lcd_clear_upper                
0000067f  lcd_display_control            
0000061f  lcd_entry_mode_set             
00000697  lcd_function_set               
00000463  lcd_init                       
00000607  lcd_return_home                
000004a9  lcd_send                       
00000503  lcd_set_address_CGRAM          
000004d1  lcd_set_address_DDRAM          
00000565  lcd_write_char                 
000005a3  lcd_write_pattern              
00000535  lcd_write_string               
00000ead  led_init                       
00000ebf  led_set                        
00000793  main                           
20000044  main_func_sp                   
00000c45  memcpy                         
2000003c  password                       
20000024  pattern_locked                 
2000002c  pattern_skull                  
20000034  pattern_unlocked               
0000042f  pulse_disable                  
00000411  pulse_enable                   
00000709  reset                          
00000a5d  source_DCO                     


GLOBAL SYMBOLS: SORTED BY Symbol Address 

address   name                           
-------   ----                           
00000000  __TI_static_base__             
00000000  interruptVectors               
000000e5  SystemCoreClockUpdate          
00000200  __STACK_SIZE                   
00000359  SystemInit                     
00000411  pulse_enable                   
0000042f  pulse_disable                  
0000044d  clear_bits                     
00000463  lcd_init                       
000004a9  lcd_send                       
000004d1  lcd_set_address_DDRAM          
00000503  lcd_set_address_CGRAM          
00000535  lcd_write_string               
00000565  lcd_write_char                 
000005a3  lcd_write_pattern              
00000607  lcd_return_home                
0000061f  lcd_entry_mode_set             
00000637  lcd_clear_display              
0000064f  lcd_clear_upper                
00000667  lcd_clear_lower                
0000067f  lcd_display_control            
00000697  lcd_function_set               
000006b5  lcd_clear_dynamic              
00000709  reset                          
00000737  invalid_key                    
00000793  main                           
00000911  keypad_init                    
0000092f  keypad_getkey                  
00000a5d  source_DCO                     
00000b91  delay_ms                       
00000bfd  delay_us                       
00000c45  __aeabi_memcpy                 
00000c45  __aeabi_memcpy4                
00000c45  __aeabi_memcpy8                
00000c45  memcpy                         
00000ce1  __TI_auto_init                 
00000d51  __TI_decompress_lzss           
00000db9  _c_int00                       
00000e0d  C$$EXIT                        
00000e11  abort                          
00000e19  exit                           
00000e61  copy_in                        
00000ead  led_init                       
00000ebf  led_set                        
00000ee9  _args_main                     
00000f01  _register_unlock               
00000f07  _register_lock                 
00000f0f  _nop                           
00000f15  __TI_decompress_none           
00000f23  Reset_Handler                  
00000f2f  ADC14_IRQHandler               
00000f2f  AES256_IRQHandler              
00000f2f  BusFault_Handler               
00000f2f  COMP_E0_IRQHandler             
00000f2f  COMP_E1_IRQHandler             
00000f2f  CS_IRQHandler                  
00000f2f  DMA_ERR_IRQHandler             
00000f2f  DMA_INT0_IRQHandler            
00000f2f  DMA_INT1_IRQHandler            
00000f2f  DMA_INT2_IRQHandler            
00000f2f  DMA_INT3_IRQHandler            
00000f2f  DebugMon_Handler               
00000f2f  Default_Handler                
00000f2f  EUSCIA0_IRQHandler             
00000f2f  EUSCIA1_IRQHandler             
00000f2f  EUSCIA2_IRQHandler             
00000f2f  EUSCIA3_IRQHandler             
00000f2f  EUSCIB0_IRQHandler             
00000f2f  EUSCIB1_IRQHandler             
00000f2f  EUSCIB2_IRQHandler             
00000f2f  EUSCIB3_IRQHandler             
00000f2f  FLCTL_IRQHandler               
00000f2f  FPU_IRQHandler                 
00000f2f  HardFault_Handler              
00000f2f  MemManage_Handler              
00000f2f  NMI_Handler                    
00000f2f  PCM_IRQHandler                 
00000f2f  PORT1_IRQHandler               
00000f2f  PORT2_IRQHandler               
00000f2f  PORT3_IRQHandler               
00000f2f  PORT4_IRQHandler               
00000f2f  PORT5_IRQHandler               
00000f2f  PORT6_IRQHandler               
00000f2f  PSS_IRQHandler                 
00000f2f  PendSV_Handler                 
00000f2f  RTC_C_IRQHandler               
00000f2f  SVC_Handler                    
00000f2f  SysTick_Handler                
00000f2f  T32_INT1_IRQHandler            
00000f2f  T32_INT2_IRQHandler            
00000f2f  T32_INTC_IRQHandler            
00000f2f  TA0_0_IRQHandler               
00000f2f  TA0_N_IRQHandler               
00000f2f  TA1_0_IRQHandler               
00000f2f  TA1_N_IRQHandler               
00000f2f  TA2_0_IRQHandler               
00000f2f  TA2_N_IRQHandler               
00000f2f  TA3_0_IRQHandler               
00000f2f  TA3_N_IRQHandler               
00000f2f  UsageFault_Handler             
00000f2f  WDT_A_IRQHandler               
00000f31  _system_pre_init               
00000f35  __mpu_init                     
00000f37  _system_post_cinit             
00000f90  __TI_Handler_Table_Base        
00000f98  __TI_CINIT_Base                
00000f98  __TI_Handler_Table_Limit       
00000fa0  __TI_CINIT_Limit               
20000000  keymap                         
20000010  __TI_cleanup_ptr               
20000014  __TI_dtors_ptr                 
20000018  __TI_enable_exit_profile_output
2000001c  _lock                          
20000020  _unlock                        
20000024  pattern_locked                 
2000002c  pattern_skull                  
20000034  pattern_unlocked               
2000003c  password                       
20000044  main_func_sp                   
20000048  SystemCoreClock                
2000fe00  __stack                        
20010000  __STACK_END                    
4000480c  WDTCTL_SYM                     
ffffffff  __TI_pprof_out_hndl            
ffffffff  __TI_prof_data_size            
ffffffff  __TI_prof_data_start           
ffffffff  __binit__                      
ffffffff  __c_args__                     
ffffffff  binit                          
UNDEFED   SHT$$INIT_ARRAY$$Base          
UNDEFED   SHT$$INIT_ARRAY$$Limit         

[131 symbols]
