******************************************************************************
                  TI ARM Linker PC v16.9.1                     
******************************************************************************
>> Linked Wed Oct 18 17:05:39 2017

OUTPUT FILE NAME:   <Project_2.out>
ENTRY POINT SYMBOL: "_c_int00"  address: 000028a9


MEMORY CONFIGURATION

         name            origin    length      used     unused   attr    fill
----------------------  --------  ---------  --------  --------  ----  --------
  MAIN                  00000000   00040000  00002c7c  0003d384  R  X
  INFO                  00200000   00004000  00000000  00004000  R  X
  SRAM_CODE             01000000   00010000  00005124  0000aedc  RW X
  SRAM_DATA             20000000   00010000  00005124  0000aedc  RW  


SEGMENT ALLOCATION MAP

run origin  load origin   length   init length attrs members
----------  ----------- ---------- ----------- ----- -------
00000000    00000000    00002c80   00002c80    r-x
  00000000    00000000    000000e4   000000e4    r-- .intvecs
  000000e4    000000e4    000029d4   000029d4    r-x .text
  00002ab8    00002ab8    0000016c   0000016c    r-- .const
  00002c28    00002c28    00000058   00000058    r-- .cinit
20000000    20000000    00004f24   00000000    rw-
  20000000    20000000    00004ee4   00000000    rw- .bss
  20004ee4    20004ee4    00000040   00000000    rw- .data
2000fe00    2000fe00    00000200   00000000    rw-
  2000fe00    2000fe00    00000200   00000000    rw- .stack


SECTION ALLOCATION MAP

 output                                  attributes/
section   page    origin      length       input sections
--------  ----  ----------  ----------   ----------------
.intvecs   0    00000000    000000e4     
                  00000000    000000e4     startup_msp432p401r_ccs.obj (.intvecs:retain)

.binit     0    00000000    00000000     

.text      0    000000e4    000029d4     
                  000000e4    00000738     rtsv7M4_T_le_v4SPD16_eabi.lib : k_rem_pio2.obj (.text)
                  0000081c    000005c4                                   : s_sin.obj (.text)
                  00000de0    000004b8     fgen.obj (.text)
                  00001298    0000032c     system_msp432p401r.obj (.text)
                  000015c4    000001e8     main.obj (.text)
                  000017ac    000001b6     rtsv7M4_T_le_v4SPD16_eabi.lib : fd_add_t2.obj (.text)
                  00001962    00000002                                   : mpu_init.obj (.text)
                  00001964    0000017c     clock.obj (.text)
                  00001ae0    00000174     rtsv7M4_T_le_v4SPD16_eabi.lib : k_sin.obj (.text)
                  00001c54    0000016c                                   : k_cos.obj (.text)
                  00001dc0    00000150     dac.obj (.text)
                  00001f10    00000150     keypad.obj (.text)
                  00002060    00000136     rtsv7M4_T_le_v4SPD16_eabi.lib : fd_div_t2.obj (.text)
                  00002196    000000fc                                   : fd_mul_t2.obj (.text)
                  00002292    00000002                                   : startup.obj (.text)
                  00002294    000000fc                                   : s_scalbn.obj (.text)
                  00002390    000000f8                                   : s_floor.obj (.text)
                  00002488    000000b4     delay.obj (.text)
                  0000253c    0000009c     rtsv7M4_T_le_v4SPD16_eabi.lib : memcpy_t2.obj (.text)
                  000025d8    00000086                                   : fd_cmp_t2.obj (.text:__aeabi_cdcmple)
                  0000265e    00000086                                   : fd_cmp_t2.obj (.text:__aeabi_cdrcmple)
                  000026e4    0000007a                                   : memset_t2.obj (.text)
                  0000275e    00000002     --HOLE-- [fill = 0]
                  00002760    00000070                                   : autoinit.obj (.text)
                  000027d0    0000006e                                   : fd_tos_t2.obj (.text)
                  0000283e    00000068                                   : copy_decompress_lzss.obj (.text:decompress:lzss)
                  000028a6    00000002     --HOLE-- [fill = 0]
                  000028a8    00000054                                   : boot.obj (.text)
                  000028fc    00000054                                   : exit.obj (.text)
                  00002950    0000004c                                   : cpy_tbl.obj (.text)
                  0000299c    00000048                                   : fd_toi_t2.obj (.text)
                  000029e4    00000038                                   : fs_tod_t2.obj (.text)
                  00002a1c    0000002e                                   : i_tofd_t2.obj (.text)
                  00002a4a    00000002     --HOLE-- [fill = 0]
                  00002a4c    00000018                                   : args_main.obj (.text)
                  00002a64    00000014                                   : _lock.obj (.text)
                  00002a78    00000014                                   : s_copysign.obj (.text)
                  00002a8c    0000000e                                   : copy_decompress_none.obj (.text:decompress:none)
                  00002a9a    0000000e     startup_msp432p401r_ccs.obj (.text)
                  00002aa8    0000000c     rtsv7M4_T_le_v4SPD16_eabi.lib : copy_zero_init.obj (.text:decompress:ZI)
                  00002ab4    00000004                                   : pre_init.obj (.text)

.const     0    00002ab8    0000016c     
                  00002ab8    00000158     rtsv7M4_T_le_v4SPD16_eabi.lib : k_rem_pio2.obj (.const:$O1$$)
                  00002c10    00000010     keypad.obj (.const:.string)
                  00002c20    00000004     keypad.obj (.const:.string:$P$T0$1)

.cinit     0    00002c28    00000058     
                  00002c28    0000002e     (.cinit..data.load) [load image, compression = lzss]
                  00002c56    00000002     --HOLE-- [fill = 0]
                  00002c58    0000000c     (__TI_handler_table)
                  00002c64    00000004     --HOLE-- [fill = 0]
                  00002c68    00000008     (.cinit..bss.load) [load image, compression = zero_init]
                  00002c70    00000010     (__TI_cinit_table)

.init_array 
*          0    00000000    00000000     UNINITIALIZED

.bss       0    20000000    00004ee4     UNINITIALIZED
                  20000000    000013b0     (.common:lut_fullcredit)
                  200013b0    000013b0     (.common:lut_sawtooth)
                  20002760    000013b0     (.common:lut_sine)
                  20003b10    000013b0     (.common:lut_square)
                  20004ec0    0000000c     dac.obj (.bss)
                  20004ecc    00000008     (.common:fgen_state)
                  20004ed4    00000004     (.common:lut)
                  20004ed8    00000004     (.common:square_lower)
                  20004edc    00000004     (.common:square_upper)
                  20004ee0    00000004     (.common:waveform_isr)

.data      0    20004ee4    00000040     UNINITIALIZED
                  20004ee4    00000010     keypad.obj (.data:keymap)
                  20004ef4    0000000c     rtsv7M4_T_le_v4SPD16_eabi.lib : exit.obj (.data:$O1$$)
                  20004f00    0000000a     fgen.obj (.data:inc_by_frequency)
                  20004f0a    00000002     main.obj (.data)
                  20004f0c    00000008     rtsv7M4_T_le_v4SPD16_eabi.lib : _lock.obj (.data:$O1$$)
                  20004f14    00000004     fgen.obj (.data)
                  20004f18    00000004     rtsv7M4_T_le_v4SPD16_eabi.lib : errno.obj (.data)
                  20004f1c    00000004                                   : stkdepth_vars.obj (.data)
                  20004f20    00000004     system_msp432p401r.obj (.data)

.stack     0    2000fe00    00000200     UNINITIALIZED
                  2000fe00    00000200     --HOLE--

MODULE SUMMARY

       Module                        code    ro data   rw data
       ------                        ----    -------   -------
    .\
       fgen.obj                      1208    0         40396  
       system_msp432p401r.obj        812     0         8      
       main.obj                      488     0         4      
       keypad.obj                    336     20        32     
       clock.obj                     380     0         0      
       dac.obj                       336     0         24     
       startup_msp432p401r_ccs.obj   14      228       0      
       delay.obj                     180     0         0      
    +--+-----------------------------+-------+---------+---------+
       Total:                        3754    248       40464  
                                                              
    C:\ti\ccsv7\tools\compiler\ti-cgt-arm_16.9.1.LTS\lib\rtsv7M4_T_le_v4SPD16_eabi.lib
       k_rem_pio2.obj                1848    344       0      
       s_sin.obj                     1476    0         0      
       fd_add_t2.obj                 438     0         0      
       k_sin.obj                     372     0         0      
       k_cos.obj                     364     0         0      
       fd_div_t2.obj                 310     0         0      
       fd_cmp_t2.obj                 268     0         0      
       fd_mul_t2.obj                 252     0         0      
       s_scalbn.obj                  252     0         0      
       s_floor.obj                   248     0         0      
       memcpy_t2.obj                 156     0         0      
       memset_t2.obj                 122     0         0      
       autoinit.obj                  112     0         0      
       fd_tos_t2.obj                 110     0         0      
       exit.obj                      84      0         24     
       copy_decompress_lzss.obj      104     0         0      
       boot.obj                      84      0         0      
       cpy_tbl.obj                   76      0         0      
       fd_toi_t2.obj                 72      0         0      
       fs_tod_t2.obj                 56      0         0      
       i_tofd_t2.obj                 46      0         0      
       _lock.obj                     20      0         16     
       args_main.obj                 24      0         0      
       s_copysign.obj                20      0         0      
       copy_decompress_none.obj      14      0         0      
       copy_zero_init.obj            12      0         0      
       errno.obj                     0       0         8      
       stkdepth_vars.obj             0       0         8      
       pre_init.obj                  4       0         0      
       mpu_init.obj                  2       0         0      
       startup.obj                   2       0         0      
    +--+-----------------------------+-------+---------+---------+
       Total:                        6948    344       56     
                                                              
       Stack:                        0       0         1024   
       Linker Generated:             0       82        0      
    +--+-----------------------------+-------+---------+---------+
       Grand Total:                  10702   674       41544  


LINKER GENERATED COPY TABLES

__TI_cinit_table @ 00002c70 records: 2, size/record: 8, table size: 16
	.data: load addr=00002c28, load size=0000002e bytes, run addr=20004ee4, run size=00000040 bytes, compression=lzss
	.bss: load addr=00002c68, load size=00000008 bytes, run addr=20000000, run size=00004ee4 bytes, compression=zero_init


LINKER GENERATED HANDLER TABLE

__TI_handler_table @ 00002c58 records: 3, size/record: 4, table size: 12
	index: 0, handler: __TI_decompress_lzss
	index: 1, handler: __TI_decompress_none
	index: 2, handler: __TI_zero_init


GLOBAL SYMBOLS: SORTED ALPHABETICALLY BY Name 

address   name                           
-------   ----                           
00002aa7  ADC14_IRQHandler               
00002aa7  AES256_IRQHandler              
00002aa7  BusFault_Handler               
000028fd  C$$EXIT                        
00002aa7  COMP_E0_IRQHandler             
00002aa7  COMP_E1_IRQHandler             
00002aa7  CS_IRQHandler                  
00002aa7  DMA_ERR_IRQHandler             
00002aa7  DMA_INT0_IRQHandler            
00002aa7  DMA_INT1_IRQHandler            
00002aa7  DMA_INT2_IRQHandler            
00002aa7  DMA_INT3_IRQHandler            
00002aa7  DebugMon_Handler               
00002aa7  Default_Handler                
00002aa7  EUSCIA0_IRQHandler             
00002aa7  EUSCIA1_IRQHandler             
00002aa7  EUSCIA2_IRQHandler             
00002aa7  EUSCIA3_IRQHandler             
00002aa7  EUSCIB0_IRQHandler             
00002aa7  EUSCIB1_IRQHandler             
00002aa7  EUSCIB2_IRQHandler             
00002aa7  EUSCIB3_IRQHandler             
00002aa7  FLCTL_IRQHandler               
00002aa7  FPU_IRQHandler                 
00002aa7  HardFault_Handler              
00002aa7  MemManage_Handler              
00002aa7  NMI_Handler                    
00002aa7  PCM_IRQHandler                 
00002aa7  PORT1_IRQHandler               
00002aa7  PORT2_IRQHandler               
00002aa7  PORT3_IRQHandler               
00002aa7  PORT4_IRQHandler               
00002aa7  PORT5_IRQHandler               
00002aa7  PORT6_IRQHandler               
00002aa7  PSS_IRQHandler                 
00002aa7  PendSV_Handler                 
00002aa7  RTC_C_IRQHandler               
00002a9b  Reset_Handler                  
UNDEFED   SHT$$INIT_ARRAY$$Base          
UNDEFED   SHT$$INIT_ARRAY$$Limit         
00002aa7  SVC_Handler                    
00002aa7  SysTick_Handler                
20004f20  SystemCoreClock                
00001299  SystemCoreClockUpdate          
0000150d  SystemInit                     
00002aa7  T32_INT1_IRQHandler            
00002aa7  T32_INT2_IRQHandler            
00002aa7  T32_INTC_IRQHandler            
0000174b  TA0_0_IRQHandler               
0000174b  TA0_0_IRQHandler               
00002aa7  TA0_N_IRQHandler               
00002aa7  TA1_0_IRQHandler               
00002aa7  TA1_N_IRQHandler               
00002aa7  TA2_0_IRQHandler               
00002aa7  TA2_N_IRQHandler               
00002aa7  TA3_0_IRQHandler               
00002aa7  TA3_N_IRQHandler               
00002aa7  UsageFault_Handler             
4000480c  WDTCTL_SYM                     
00002aa7  WDT_A_IRQHandler               
20010000  __STACK_END                    
00000200  __STACK_SIZE                   
00002c70  __TI_CINIT_Base                
00002c80  __TI_CINIT_Limit               
00002c58  __TI_Handler_Table_Base        
00002c64  __TI_Handler_Table_Limit       
00002761  __TI_auto_init                 
20004ef4  __TI_cleanup_ptr               
0000283f  __TI_decompress_lzss           
00002a8d  __TI_decompress_none           
20004ef8  __TI_dtors_ptr                 
20004efc  __TI_enable_exit_profile_output
ffffffff  __TI_pprof_out_hndl            
ffffffff  __TI_prof_data_size            
ffffffff  __TI_prof_data_start           
00000000  __TI_static_base__             
00002aa9  __TI_zero_init                 
000025d9  __aeabi_cdcmpeq                
000025d9  __aeabi_cdcmple                
0000265f  __aeabi_cdrcmple               
000027d1  __aeabi_d2f                    
0000299d  __aeabi_d2iz                   
000017b7  __aeabi_dadd                   
00002061  __aeabi_ddiv                   
00002197  __aeabi_dmul                   
000017ad  __aeabi_dsub                   
000029e5  __aeabi_f2d                    
00002a1d  __aeabi_i2d                    
000026e5  __aeabi_memclr                 
000026e5  __aeabi_memclr4                
000026e5  __aeabi_memclr8                
0000253d  __aeabi_memcpy                 
0000253d  __aeabi_memcpy4                
0000253d  __aeabi_memcpy8                
000026e7  __aeabi_memset                 
000026e7  __aeabi_memset4                
000026e7  __aeabi_memset8                
ffffffff  __binit__                      
ffffffff  __c_args__                     
00001c55  __kernel_cos                   
000000e5  __kernel_rem_pio2              
00001ae1  __kernel_sin                   
00001963  __mpu_init                     
2000fe00  __stack                        
00002a4d  _args_main                     
000028a9  _c_int00                       
20004f0c  _lock                          
00002a73  _nop                           
00002a6b  _register_lock                 
00002a65  _register_unlock               
00002293  _system_post_cinit             
00002ab5  _system_pre_init               
20004f10  _unlock                        
00002901  abort                          
ffffffff  binit                          
000010cd  change_duty_cycle              
00001141  change_frequency               
00001035  change_wave                    
00002951  copy_in                        
00002a79  copysign                       
00002a79  copysignl                      
00002489  delay_ms                       
000024f5  delay_us                       
00001e73  drive_dac                      
20004f18  errno                          
00002909  exit                           
20004ecc  fgen_state                     
00002391  floor                          
00002391  floorl                         
00001a61  get_current_DCO                
0000112d  get_duty_cycle                 
20004f00  inc_by_frequency               
00001dc1  init_dac                       
00000de1  init_fgen                      
00000dfd  init_lut                       
00000000  interruptVectors               
20004f0a  key                            
20004f0b  key_follower                   
20004ee4  keymap                         
00001f33  keypad_getkey                  
00001f11  keypad_init                    
00002295  ldexp                          
00002295  ldexpl                         
20004ed4  lut                            
20000000  lut_fullcredit                 
20004f14  lut_index                      
200013b0  lut_sawtooth                   
20002760  lut_sine                       
20003b10  lut_square                     
000015c9  main                           
20004f1c  main_func_sp                   
0000253d  memcpy                         
000026ed  memset                         
00001191  sawtooth_sine_isr              
00002295  scalbn                         
00002295  scalbnl                        
0000081d  sin                            
0000081d  sinl                           
00001965  source_DCO                     
000011e5  square_isr                     
20004ed8  square_lower                   
20004edc  square_upper                   
20004ee0  waveform_isr                   


GLOBAL SYMBOLS: SORTED BY Symbol Address 

address   name                           
-------   ----                           
00000000  __TI_static_base__             
00000000  interruptVectors               
000000e5  __kernel_rem_pio2              
00000200  __STACK_SIZE                   
0000081d  sin                            
0000081d  sinl                           
00000de1  init_fgen                      
00000dfd  init_lut                       
00001035  change_wave                    
000010cd  change_duty_cycle              
0000112d  get_duty_cycle                 
00001141  change_frequency               
00001191  sawtooth_sine_isr              
000011e5  square_isr                     
00001299  SystemCoreClockUpdate          
0000150d  SystemInit                     
000015c9  main                           
0000174b  TA0_0_IRQHandler               
0000174b  TA0_0_IRQHandler               
000017ad  __aeabi_dsub                   
000017b7  __aeabi_dadd                   
00001963  __mpu_init                     
00001965  source_DCO                     
00001a61  get_current_DCO                
00001ae1  __kernel_sin                   
00001c55  __kernel_cos                   
00001dc1  init_dac                       
00001e73  drive_dac                      
00001f11  keypad_init                    
00001f33  keypad_getkey                  
00002061  __aeabi_ddiv                   
00002197  __aeabi_dmul                   
00002293  _system_post_cinit             
00002295  ldexp                          
00002295  ldexpl                         
00002295  scalbn                         
00002295  scalbnl                        
00002391  floor                          
00002391  floorl                         
00002489  delay_ms                       
000024f5  delay_us                       
0000253d  __aeabi_memcpy                 
0000253d  __aeabi_memcpy4                
0000253d  __aeabi_memcpy8                
0000253d  memcpy                         
000025d9  __aeabi_cdcmpeq                
000025d9  __aeabi_cdcmple                
0000265f  __aeabi_cdrcmple               
000026e5  __aeabi_memclr                 
000026e5  __aeabi_memclr4                
000026e5  __aeabi_memclr8                
000026e7  __aeabi_memset                 
000026e7  __aeabi_memset4                
000026e7  __aeabi_memset8                
000026ed  memset                         
00002761  __TI_auto_init                 
000027d1  __aeabi_d2f                    
0000283f  __TI_decompress_lzss           
000028a9  _c_int00                       
000028fd  C$$EXIT                        
00002901  abort                          
00002909  exit                           
00002951  copy_in                        
0000299d  __aeabi_d2iz                   
000029e5  __aeabi_f2d                    
00002a1d  __aeabi_i2d                    
00002a4d  _args_main                     
00002a65  _register_unlock               
00002a6b  _register_lock                 
00002a73  _nop                           
00002a79  copysign                       
00002a79  copysignl                      
00002a8d  __TI_decompress_none           
00002a9b  Reset_Handler                  
00002aa7  ADC14_IRQHandler               
00002aa7  AES256_IRQHandler              
00002aa7  BusFault_Handler               
00002aa7  COMP_E0_IRQHandler             
00002aa7  COMP_E1_IRQHandler             
00002aa7  CS_IRQHandler                  
00002aa7  DMA_ERR_IRQHandler             
00002aa7  DMA_INT0_IRQHandler            
00002aa7  DMA_INT1_IRQHandler            
00002aa7  DMA_INT2_IRQHandler            
00002aa7  DMA_INT3_IRQHandler            
00002aa7  DebugMon_Handler               
00002aa7  Default_Handler                
00002aa7  EUSCIA0_IRQHandler             
00002aa7  EUSCIA1_IRQHandler             
00002aa7  EUSCIA2_IRQHandler             
00002aa7  EUSCIA3_IRQHandler             
00002aa7  EUSCIB0_IRQHandler             
00002aa7  EUSCIB1_IRQHandler             
00002aa7  EUSCIB2_IRQHandler             
00002aa7  EUSCIB3_IRQHandler             
00002aa7  FLCTL_IRQHandler               
00002aa7  FPU_IRQHandler                 
00002aa7  HardFault_Handler              
00002aa7  MemManage_Handler              
00002aa7  NMI_Handler                    
00002aa7  PCM_IRQHandler                 
00002aa7  PORT1_IRQHandler               
00002aa7  PORT2_IRQHandler               
00002aa7  PORT3_IRQHandler               
00002aa7  PORT4_IRQHandler               
00002aa7  PORT5_IRQHandler               
00002aa7  PORT6_IRQHandler               
00002aa7  PSS_IRQHandler                 
00002aa7  PendSV_Handler                 
00002aa7  RTC_C_IRQHandler               
00002aa7  SVC_Handler                    
00002aa7  SysTick_Handler                
00002aa7  T32_INT1_IRQHandler            
00002aa7  T32_INT2_IRQHandler            
00002aa7  T32_INTC_IRQHandler            
00002aa7  TA0_N_IRQHandler               
00002aa7  TA1_0_IRQHandler               
00002aa7  TA1_N_IRQHandler               
00002aa7  TA2_0_IRQHandler               
00002aa7  TA2_N_IRQHandler               
00002aa7  TA3_0_IRQHandler               
00002aa7  TA3_N_IRQHandler               
00002aa7  UsageFault_Handler             
00002aa7  WDT_A_IRQHandler               
00002aa9  __TI_zero_init                 
00002ab5  _system_pre_init               
00002c58  __TI_Handler_Table_Base        
00002c64  __TI_Handler_Table_Limit       
00002c70  __TI_CINIT_Base                
00002c80  __TI_CINIT_Limit               
20000000  lut_fullcredit                 
200013b0  lut_sawtooth                   
20002760  lut_sine                       
20003b10  lut_square                     
20004ecc  fgen_state                     
20004ed4  lut                            
20004ed8  square_lower                   
20004edc  square_upper                   
20004ee0  waveform_isr                   
20004ee4  keymap                         
20004ef4  __TI_cleanup_ptr               
20004ef8  __TI_dtors_ptr                 
20004efc  __TI_enable_exit_profile_output
20004f00  inc_by_frequency               
20004f0a  key                            
20004f0b  key_follower                   
20004f0c  _lock                          
20004f10  _unlock                        
20004f14  lut_index                      
20004f18  errno                          
20004f1c  main_func_sp                   
20004f20  SystemCoreClock                
2000fe00  __stack                        
20010000  __STACK_END                    
4000480c  WDTCTL_SYM                     
ffffffff  __TI_pprof_out_hndl            
ffffffff  __TI_prof_data_size            
ffffffff  __TI_prof_data_start           
ffffffff  __binit__                      
ffffffff  __c_args__                     
ffffffff  binit                          
UNDEFED   SHT$$INIT_ARRAY$$Base          
UNDEFED   SHT$$INIT_ARRAY$$Limit         

[163 symbols]
