<?xml version="1.0"?>
<link_info>
   <banner>TI ARM Linker PC v16.9.1.LTS</banner>
   <copyright>Copyright (c) 1996-2015 Texas Instruments Incorporated</copyright>
   <link_time>0x59e7ec53</link_time>
   <link_errors>0x0</link_errors>
   <output_file>Project_2.out</output_file>
   <entry_point>
      <name>_c_int00</name>
      <address>0x28a9</address>
   </entry_point>
   <input_file_list>
      <input_file id="fl-2">
         <path>.\</path>
         <kind>object</kind>
         <file>clock.obj</file>
         <name>clock.obj</name>
      </input_file>
      <input_file id="fl-3">
         <path>.\</path>
         <kind>object</kind>
         <file>dac.obj</file>
         <name>dac.obj</name>
      </input_file>
      <input_file id="fl-4">
         <path>.\</path>
         <kind>object</kind>
         <file>delay.obj</file>
         <name>delay.obj</name>
      </input_file>
      <input_file id="fl-5">
         <path>.\</path>
         <kind>object</kind>
         <file>fgen.obj</file>
         <name>fgen.obj</name>
      </input_file>
      <input_file id="fl-6">
         <path>.\</path>
         <kind>object</kind>
         <file>keypad.obj</file>
         <name>keypad.obj</name>
      </input_file>
      <input_file id="fl-7">
         <path>.\</path>
         <kind>object</kind>
         <file>lcd.obj</file>
         <name>lcd.obj</name>
      </input_file>
      <input_file id="fl-8">
         <path>.\</path>
         <kind>object</kind>
         <file>main.obj</file>
         <name>main.obj</name>
      </input_file>
      <input_file id="fl-9">
         <path>.\</path>
         <kind>object</kind>
         <file>startup_msp432p401r_ccs.obj</file>
         <name>startup_msp432p401r_ccs.obj</name>
      </input_file>
      <input_file id="fl-a">
         <path>.\</path>
         <kind>object</kind>
         <file>system_msp432p401r.obj</file>
         <name>system_msp432p401r.obj</name>
      </input_file>
      <input_file id="fl-c4">
         <path>C:\ti\ccsv7\tools\compiler\ti-cgt-arm_16.9.1.LTS\lib\</path>
         <kind>archive</kind>
         <file>rtsv7M4_T_le_v4SPD16_eabi.lib</file>
         <name>boot.obj</name>
      </input_file>
      <input_file id="fl-c5">
         <path>C:\ti\ccsv7\tools\compiler\ti-cgt-arm_16.9.1.LTS\lib\</path>
         <kind>archive</kind>
         <file>rtsv7M4_T_le_v4SPD16_eabi.lib</file>
         <name>copy_decompress_lzss.obj</name>
      </input_file>
      <input_file id="fl-c6">
         <path>C:\ti\ccsv7\tools\compiler\ti-cgt-arm_16.9.1.LTS\lib\</path>
         <kind>archive</kind>
         <file>rtsv7M4_T_le_v4SPD16_eabi.lib</file>
         <name>copy_decompress_none.obj</name>
      </input_file>
      <input_file id="fl-c7">
         <path>C:\ti\ccsv7\tools\compiler\ti-cgt-arm_16.9.1.LTS\lib\</path>
         <kind>archive</kind>
         <file>rtsv7M4_T_le_v4SPD16_eabi.lib</file>
         <name>copy_zero_init.obj</name>
      </input_file>
      <input_file id="fl-c8">
         <path>C:\ti\ccsv7\tools\compiler\ti-cgt-arm_16.9.1.LTS\lib\</path>
         <kind>archive</kind>
         <file>rtsv7M4_T_le_v4SPD16_eabi.lib</file>
         <name>exit.obj</name>
      </input_file>
      <input_file id="fl-c9">
         <path>C:\ti\ccsv7\tools\compiler\ti-cgt-arm_16.9.1.LTS\lib\</path>
         <kind>archive</kind>
         <file>rtsv7M4_T_le_v4SPD16_eabi.lib</file>
         <name>fd_add_t2.obj</name>
      </input_file>
      <input_file id="fl-ca">
         <path>C:\ti\ccsv7\tools\compiler\ti-cgt-arm_16.9.1.LTS\lib\</path>
         <kind>archive</kind>
         <file>rtsv7M4_T_le_v4SPD16_eabi.lib</file>
         <name>fd_cmp_t2.obj</name>
      </input_file>
      <input_file id="fl-cb">
         <path>C:\ti\ccsv7\tools\compiler\ti-cgt-arm_16.9.1.LTS\lib\</path>
         <kind>archive</kind>
         <file>rtsv7M4_T_le_v4SPD16_eabi.lib</file>
         <name>fd_div_t2.obj</name>
      </input_file>
      <input_file id="fl-cc">
         <path>C:\ti\ccsv7\tools\compiler\ti-cgt-arm_16.9.1.LTS\lib\</path>
         <kind>archive</kind>
         <file>rtsv7M4_T_le_v4SPD16_eabi.lib</file>
         <name>fd_mul_t2.obj</name>
      </input_file>
      <input_file id="fl-cd">
         <path>C:\ti\ccsv7\tools\compiler\ti-cgt-arm_16.9.1.LTS\lib\</path>
         <kind>archive</kind>
         <file>rtsv7M4_T_le_v4SPD16_eabi.lib</file>
         <name>fd_toi_t2.obj</name>
      </input_file>
      <input_file id="fl-ce">
         <path>C:\ti\ccsv7\tools\compiler\ti-cgt-arm_16.9.1.LTS\lib\</path>
         <kind>archive</kind>
         <file>rtsv7M4_T_le_v4SPD16_eabi.lib</file>
         <name>fd_tos_t2.obj</name>
      </input_file>
      <input_file id="fl-cf">
         <path>C:\ti\ccsv7\tools\compiler\ti-cgt-arm_16.9.1.LTS\lib\</path>
         <kind>archive</kind>
         <file>rtsv7M4_T_le_v4SPD16_eabi.lib</file>
         <name>fs_tod_t2.obj</name>
      </input_file>
      <input_file id="fl-d0">
         <path>C:\ti\ccsv7\tools\compiler\ti-cgt-arm_16.9.1.LTS\lib\</path>
         <kind>archive</kind>
         <file>rtsv7M4_T_le_v4SPD16_eabi.lib</file>
         <name>i_tofd_t2.obj</name>
      </input_file>
      <input_file id="fl-d1">
         <path>C:\ti\ccsv7\tools\compiler\ti-cgt-arm_16.9.1.LTS\lib\</path>
         <kind>archive</kind>
         <file>rtsv7M4_T_le_v4SPD16_eabi.lib</file>
         <name>memcpy_t2.obj</name>
      </input_file>
      <input_file id="fl-d2">
         <path>C:\ti\ccsv7\tools\compiler\ti-cgt-arm_16.9.1.LTS\lib\</path>
         <kind>archive</kind>
         <file>rtsv7M4_T_le_v4SPD16_eabi.lib</file>
         <name>memset_t2.obj</name>
      </input_file>
      <input_file id="fl-d3">
         <path>C:\ti\ccsv7\tools\compiler\ti-cgt-arm_16.9.1.LTS\lib\</path>
         <kind>archive</kind>
         <file>rtsv7M4_T_le_v4SPD16_eabi.lib</file>
         <name>mpu_init.obj</name>
      </input_file>
      <input_file id="fl-d4">
         <path>C:\ti\ccsv7\tools\compiler\ti-cgt-arm_16.9.1.LTS\lib\</path>
         <kind>archive</kind>
         <file>rtsv7M4_T_le_v4SPD16_eabi.lib</file>
         <name>pre_init.obj</name>
      </input_file>
      <input_file id="fl-d5">
         <path>C:\ti\ccsv7\tools\compiler\ti-cgt-arm_16.9.1.LTS\lib\</path>
         <kind>archive</kind>
         <file>rtsv7M4_T_le_v4SPD16_eabi.lib</file>
         <name>s_sin.obj</name>
      </input_file>
      <input_file id="fl-d6">
         <path>C:\ti\ccsv7\tools\compiler\ti-cgt-arm_16.9.1.LTS\lib\</path>
         <kind>archive</kind>
         <file>rtsv7M4_T_le_v4SPD16_eabi.lib</file>
         <name>stkdepth_vars.obj</name>
      </input_file>
      <input_file id="fl-d7">
         <path>C:\ti\ccsv7\tools\compiler\ti-cgt-arm_16.9.1.LTS\lib\</path>
         <kind>archive</kind>
         <file>rtsv7M4_T_le_v4SPD16_eabi.lib</file>
         <name>_lock.obj</name>
      </input_file>
      <input_file id="fl-d8">
         <path>C:\ti\ccsv7\tools\compiler\ti-cgt-arm_16.9.1.LTS\lib\</path>
         <kind>archive</kind>
         <file>rtsv7M4_T_le_v4SPD16_eabi.lib</file>
         <name>args_main.obj</name>
      </input_file>
      <input_file id="fl-d9">
         <path>C:\ti\ccsv7\tools\compiler\ti-cgt-arm_16.9.1.LTS\lib\</path>
         <kind>archive</kind>
         <file>rtsv7M4_T_le_v4SPD16_eabi.lib</file>
         <name>autoinit.obj</name>
      </input_file>
      <input_file id="fl-da">
         <path>C:\ti\ccsv7\tools\compiler\ti-cgt-arm_16.9.1.LTS\lib\</path>
         <kind>archive</kind>
         <file>rtsv7M4_T_le_v4SPD16_eabi.lib</file>
         <name>cpy_tbl.obj</name>
      </input_file>
      <input_file id="fl-db">
         <path>C:\ti\ccsv7\tools\compiler\ti-cgt-arm_16.9.1.LTS\lib\</path>
         <kind>archive</kind>
         <file>rtsv7M4_T_le_v4SPD16_eabi.lib</file>
         <name>k_cos.obj</name>
      </input_file>
      <input_file id="fl-dc">
         <path>C:\ti\ccsv7\tools\compiler\ti-cgt-arm_16.9.1.LTS\lib\</path>
         <kind>archive</kind>
         <file>rtsv7M4_T_le_v4SPD16_eabi.lib</file>
         <name>k_rem_pio2.obj</name>
      </input_file>
      <input_file id="fl-dd">
         <path>C:\ti\ccsv7\tools\compiler\ti-cgt-arm_16.9.1.LTS\lib\</path>
         <kind>archive</kind>
         <file>rtsv7M4_T_le_v4SPD16_eabi.lib</file>
         <name>k_sin.obj</name>
      </input_file>
      <input_file id="fl-de">
         <path>C:\ti\ccsv7\tools\compiler\ti-cgt-arm_16.9.1.LTS\lib\</path>
         <kind>archive</kind>
         <file>rtsv7M4_T_le_v4SPD16_eabi.lib</file>
         <name>s_floor.obj</name>
      </input_file>
      <input_file id="fl-df">
         <path>C:\ti\ccsv7\tools\compiler\ti-cgt-arm_16.9.1.LTS\lib\</path>
         <kind>archive</kind>
         <file>rtsv7M4_T_le_v4SPD16_eabi.lib</file>
         <name>s_scalbn.obj</name>
      </input_file>
      <input_file id="fl-e0">
         <path>C:\ti\ccsv7\tools\compiler\ti-cgt-arm_16.9.1.LTS\lib\</path>
         <kind>archive</kind>
         <file>rtsv7M4_T_le_v4SPD16_eabi.lib</file>
         <name>startup.obj</name>
      </input_file>
      <input_file id="fl-e1">
         <path>C:\ti\ccsv7\tools\compiler\ti-cgt-arm_16.9.1.LTS\lib\</path>
         <kind>archive</kind>
         <file>rtsv7M4_T_le_v4SPD16_eabi.lib</file>
         <name>errno.obj</name>
      </input_file>
      <input_file id="fl-e2">
         <path>C:\ti\ccsv7\tools\compiler\ti-cgt-arm_16.9.1.LTS\lib\</path>
         <kind>archive</kind>
         <file>rtsv7M4_T_le_v4SPD16_eabi.lib</file>
         <name>s_copysign.obj</name>
      </input_file>
   </input_file_list>
   <object_component_list>
      <object_component id="oc-2c">
         <name>.intvecs:retain</name>
         <load_address>0x0</load_address>
         <run_address>0x0</run_address>
         <size>0xe4</size>
         <input_file_ref idref="fl-9"/>
      </object_component>
      <object_component id="oc-19c">
         <name>.text</name>
         <load_address>0xe4</load_address>
         <run_address>0xe4</run_address>
         <size>0x738</size>
         <input_file_ref idref="fl-dc"/>
      </object_component>
      <object_component id="oc-134">
         <name>.text</name>
         <load_address>0x81c</load_address>
         <run_address>0x81c</run_address>
         <size>0x5c4</size>
         <input_file_ref idref="fl-d5"/>
      </object_component>
      <object_component id="oc-ca">
         <name>.text</name>
         <load_address>0xde0</load_address>
         <run_address>0xde0</run_address>
         <size>0x4b8</size>
         <input_file_ref idref="fl-5"/>
      </object_component>
      <object_component id="oc-b7">
         <name>.text</name>
         <load_address>0x1298</load_address>
         <run_address>0x1298</run_address>
         <size>0x32c</size>
         <input_file_ref idref="fl-a"/>
      </object_component>
      <object_component id="oc-7b">
         <name>.text</name>
         <load_address>0x15c4</load_address>
         <run_address>0x15c4</run_address>
         <size>0x1e8</size>
         <input_file_ref idref="fl-8"/>
      </object_component>
      <object_component id="oc-db">
         <name>.text</name>
         <load_address>0x17ac</load_address>
         <run_address>0x17ac</run_address>
         <size>0x1b6</size>
         <input_file_ref idref="fl-c9"/>
      </object_component>
      <object_component id="oc-53">
         <name>.text</name>
         <load_address>0x1962</load_address>
         <run_address>0x1962</run_address>
         <size>0x2</size>
         <input_file_ref idref="fl-d3"/>
      </object_component>
      <object_component id="oc-be">
         <name>.text</name>
         <load_address>0x1964</load_address>
         <run_address>0x1964</run_address>
         <size>0x17c</size>
         <input_file_ref idref="fl-2"/>
      </object_component>
      <object_component id="oc-196">
         <name>.text</name>
         <load_address>0x1ae0</load_address>
         <run_address>0x1ae0</run_address>
         <size>0x174</size>
         <input_file_ref idref="fl-dd"/>
      </object_component>
      <object_component id="oc-1a2">
         <name>.text</name>
         <load_address>0x1c54</load_address>
         <run_address>0x1c54</run_address>
         <size>0x16c</size>
         <input_file_ref idref="fl-db"/>
      </object_component>
      <object_component id="oc-c4">
         <name>.text</name>
         <load_address>0x1dc0</load_address>
         <run_address>0x1dc0</run_address>
         <size>0x150</size>
         <input_file_ref idref="fl-3"/>
      </object_component>
      <object_component id="oc-d0">
         <name>.text</name>
         <load_address>0x1f10</load_address>
         <run_address>0x1f10</run_address>
         <size>0x150</size>
         <input_file_ref idref="fl-6"/>
      </object_component>
      <object_component id="oc-12a">
         <name>.text</name>
         <load_address>0x2060</load_address>
         <run_address>0x2060</run_address>
         <size>0x136</size>
         <input_file_ref idref="fl-cb"/>
      </object_component>
      <object_component id="oc-12f">
         <name>.text</name>
         <load_address>0x2196</load_address>
         <run_address>0x2196</run_address>
         <size>0xfc</size>
         <input_file_ref idref="fl-cc"/>
      </object_component>
      <object_component id="oc-a2">
         <name>.text</name>
         <load_address>0x2292</load_address>
         <run_address>0x2292</run_address>
         <size>0x2</size>
         <input_file_ref idref="fl-e0"/>
      </object_component>
      <object_component id="oc-1c6">
         <name>.text</name>
         <load_address>0x2294</load_address>
         <run_address>0x2294</run_address>
         <size>0xfc</size>
         <input_file_ref idref="fl-df"/>
      </object_component>
      <object_component id="oc-1cc">
         <name>.text</name>
         <load_address>0x2390</load_address>
         <run_address>0x2390</run_address>
         <size>0xf8</size>
         <input_file_ref idref="fl-de"/>
      </object_component>
      <object_component id="oc-158">
         <name>.text</name>
         <load_address>0x2488</load_address>
         <run_address>0x2488</run_address>
         <size>0xb4</size>
         <input_file_ref idref="fl-4"/>
      </object_component>
      <object_component id="oc-3b">
         <name>.text</name>
         <load_address>0x253c</load_address>
         <run_address>0x253c</run_address>
         <size>0x9c</size>
         <input_file_ref idref="fl-d1"/>
      </object_component>
      <object_component id="oc-140">
         <name>.text:__aeabi_cdcmple</name>
         <load_address>0x25d8</load_address>
         <run_address>0x25d8</run_address>
         <size>0x86</size>
         <input_file_ref idref="fl-ca"/>
      </object_component>
      <object_component id="oc-145">
         <name>.text:__aeabi_cdrcmple</name>
         <load_address>0x265e</load_address>
         <run_address>0x265e</run_address>
         <size>0x86</size>
         <input_file_ref idref="fl-ca"/>
      </object_component>
      <object_component id="oc-47">
         <name>.text</name>
         <load_address>0x26e4</load_address>
         <run_address>0x26e4</run_address>
         <size>0x7a</size>
         <input_file_ref idref="fl-d2"/>
      </object_component>
      <object_component id="oc-5f">
         <name>.text</name>
         <load_address>0x2760</load_address>
         <run_address>0x2760</run_address>
         <size>0x70</size>
         <input_file_ref idref="fl-d9"/>
      </object_component>
      <object_component id="oc-e0">
         <name>.text</name>
         <load_address>0x27d0</load_address>
         <run_address>0x27d0</run_address>
         <size>0x6e</size>
         <input_file_ref idref="fl-ce"/>
      </object_component>
      <object_component id="oc-14">
         <name>.text:decompress:lzss</name>
         <load_address>0x283e</load_address>
         <run_address>0x283e</run_address>
         <size>0x68</size>
         <input_file_ref idref="fl-c5"/>
      </object_component>
      <object_component id="oc-26">
         <name>.text</name>
         <load_address>0x28a8</load_address>
         <run_address>0x28a8</run_address>
         <size>0x54</size>
         <input_file_ref idref="fl-c4"/>
      </object_component>
      <object_component id="oc-6b">
         <name>.text</name>
         <load_address>0x28fc</load_address>
         <run_address>0x28fc</run_address>
         <size>0x54</size>
         <input_file_ref idref="fl-c8"/>
      </object_component>
      <object_component id="oc-9c">
         <name>.text</name>
         <load_address>0x2950</load_address>
         <run_address>0x2950</run_address>
         <size>0x4c</size>
         <input_file_ref idref="fl-da"/>
      </object_component>
      <object_component id="oc-13a">
         <name>.text</name>
         <load_address>0x299c</load_address>
         <run_address>0x299c</run_address>
         <size>0x48</size>
         <input_file_ref idref="fl-cd"/>
      </object_component>
      <object_component id="oc-d6">
         <name>.text</name>
         <load_address>0x29e4</load_address>
         <run_address>0x29e4</run_address>
         <size>0x38</size>
         <input_file_ref idref="fl-cf"/>
      </object_component>
      <object_component id="oc-125">
         <name>.text</name>
         <load_address>0x2a1c</load_address>
         <run_address>0x2a1c</run_address>
         <size>0x2e</size>
         <input_file_ref idref="fl-d0"/>
      </object_component>
      <object_component id="oc-65">
         <name>.text</name>
         <load_address>0x2a4c</load_address>
         <run_address>0x2a4c</run_address>
         <size>0x18</size>
         <input_file_ref idref="fl-d8"/>
      </object_component>
      <object_component id="oc-10a">
         <name>.text</name>
         <load_address>0x2a64</load_address>
         <run_address>0x2a64</run_address>
         <size>0x14</size>
         <input_file_ref idref="fl-d7"/>
      </object_component>
      <object_component id="oc-1e5">
         <name>.text</name>
         <load_address>0x2a78</load_address>
         <run_address>0x2a78</run_address>
         <size>0x14</size>
         <input_file_ref idref="fl-e2"/>
      </object_component>
      <object_component id="oc-1a">
         <name>.text:decompress:none</name>
         <load_address>0x2a8c</load_address>
         <run_address>0x2a8c</run_address>
         <size>0xe</size>
         <input_file_ref idref="fl-c6"/>
      </object_component>
      <object_component id="oc-75">
         <name>.text</name>
         <load_address>0x2a9a</load_address>
         <run_address>0x2a9a</run_address>
         <size>0xe</size>
         <input_file_ref idref="fl-9"/>
      </object_component>
      <object_component id="oc-20">
         <name>.text:decompress:ZI</name>
         <load_address>0x2aa8</load_address>
         <run_address>0x2aa8</run_address>
         <size>0xc</size>
         <input_file_ref idref="fl-c7"/>
      </object_component>
      <object_component id="oc-59">
         <name>.text</name>
         <load_address>0x2ab4</load_address>
         <run_address>0x2ab4</run_address>
         <size>0x4</size>
         <input_file_ref idref="fl-d4"/>
      </object_component>
      <object_component id="oc-1d2">
         <name>.const:$O1$$</name>
         <load_address>0x2ab8</load_address>
         <run_address>0x2ab8</run_address>
         <size>0x158</size>
         <input_file_ref idref="fl-dc"/>
      </object_component>
      <object_component id="oc-1b9">
         <name>.const:.string</name>
         <load_address>0x2c10</load_address>
         <run_address>0x2c10</run_address>
         <size>0x10</size>
         <input_file_ref idref="fl-6"/>
      </object_component>
      <object_component id="oc-15e">
         <name>.const:.string:$P$T0$1</name>
         <load_address>0x2c20</load_address>
         <run_address>0x2c20</run_address>
         <size>0x4</size>
         <input_file_ref idref="fl-6"/>
      </object_component>
      <object_component id="oc-226">
         <name>.cinit..data.load</name>
         <load_address>0x2c28</load_address>
         <run_address>0x2c28</run_address>
         <size>0x2e</size>
      </object_component>
      <object_component id="oc-224">
         <name>__TI_handler_table</name>
         <load_address>0x2c58</load_address>
         <run_address>0x2c58</run_address>
         <size>0xc</size>
      </object_component>
      <object_component id="oc-227">
         <name>.cinit..bss.load</name>
         <load_address>0x2c68</load_address>
         <run_address>0x2c68</run_address>
         <size>0x8</size>
      </object_component>
      <object_component id="oc-225">
         <name>__TI_cinit_table</name>
         <load_address>0x2c70</load_address>
         <run_address>0x2c70</run_address>
         <size>0x10</size>
      </object_component>
      <object_component id="oc-201">
         <name>.binit</name>
         <load_address>0x0</load_address>
         <run_address>0x0</run_address>
         <size>0x0</size>
      </object_component>
      <object_component id="oc-154">
         <name>.data:inc_by_frequency</name>
         <load_address>0x20004f00</load_address>
         <run_address>0x20004f00</run_address>
         <size>0xa</size>
         <input_file_ref idref="fl-5"/>
      </object_component>
      <object_component id="oc-151">
         <name>.data</name>
         <load_address>0x20004f14</load_address>
         <run_address>0x20004f14</run_address>
         <size>0x4</size>
         <input_file_ref idref="fl-5"/>
      </object_component>
      <object_component id="oc-161">
         <name>.data:keymap</name>
         <load_address>0x20004ee4</load_address>
         <run_address>0x20004ee4</run_address>
         <size>0x10</size>
         <input_file_ref idref="fl-6"/>
      </object_component>
      <object_component id="oc-e5">
         <name>.data</name>
         <load_address>0x20004f0a</load_address>
         <run_address>0x20004f0a</run_address>
         <size>0x2</size>
         <input_file_ref idref="fl-8"/>
      </object_component>
      <object_component id="oc-116">
         <name>.data</name>
         <load_address>0x20004f20</load_address>
         <run_address>0x20004f20</run_address>
         <size>0x4</size>
         <input_file_ref idref="fl-a"/>
      </object_component>
      <object_component id="oc-ac">
         <name>.data:$O1$$</name>
         <load_address>0x20004ef4</load_address>
         <run_address>0x20004ef4</run_address>
         <size>0xc</size>
         <input_file_ref idref="fl-c8"/>
      </object_component>
      <object_component id="oc-71">
         <name>.data</name>
         <load_address>0x20004f1c</load_address>
         <run_address>0x20004f1c</run_address>
         <size>0x4</size>
         <input_file_ref idref="fl-d6"/>
      </object_component>
      <object_component id="oc-af">
         <name>.data:$O1$$</name>
         <load_address>0x20004f0c</load_address>
         <run_address>0x20004f0c</run_address>
         <size>0x8</size>
         <input_file_ref idref="fl-d7"/>
      </object_component>
      <object_component id="oc-1eb">
         <name>.data</name>
         <load_address>0x20004f18</load_address>
         <run_address>0x20004f18</run_address>
         <size>0x4</size>
         <input_file_ref idref="fl-e1"/>
      </object_component>
      <object_component id="oc-120">
         <name>.bss</name>
         <uninitialized>true</uninitialized>
         <run_address>0x20004ec0</run_address>
         <size>0xc</size>
         <input_file_ref idref="fl-3"/>
      </object_component>
      <object_component id="oc-e8">
         <name>.common:waveform_isr</name>
         <uninitialized>true</uninitialized>
         <run_address>0x20004ee0</run_address>
         <size>0x4</size>
      </object_component>
      <object_component id="oc-13f">
         <name>.common:lut_sine</name>
         <uninitialized>true</uninitialized>
         <run_address>0x20002760</run_address>
         <size>0x13b0</size>
      </object_component>
      <object_component id="oc-14b">
         <name>.common:lut_square</name>
         <uninitialized>true</uninitialized>
         <run_address>0x20003b10</run_address>
         <size>0x13b0</size>
      </object_component>
      <object_component id="oc-14c">
         <name>.common:lut_sawtooth</name>
         <uninitialized>true</uninitialized>
         <run_address>0x200013b0</run_address>
         <size>0x13b0</size>
      </object_component>
      <object_component id="oc-14a">
         <name>.common:lut_fullcredit</name>
         <uninitialized>true</uninitialized>
         <run_address>0x20000000</run_address>
         <size>0x13b0</size>
      </object_component>
      <object_component id="oc-14e">
         <name>.common:fgen_state</name>
         <uninitialized>true</uninitialized>
         <run_address>0x20004ecc</run_address>
         <size>0x8</size>
      </object_component>
      <object_component id="oc-14d">
         <name>.common:lut</name>
         <uninitialized>true</uninitialized>
         <run_address>0x20004ed4</run_address>
         <size>0x4</size>
      </object_component>
      <object_component id="oc-150">
         <name>.common:square_upper</name>
         <uninitialized>true</uninitialized>
         <run_address>0x20004edc</run_address>
         <size>0x4</size>
      </object_component>
      <object_component id="oc-14f">
         <name>.common:square_lower</name>
         <uninitialized>true</uninitialized>
         <run_address>0x20004ed8</run_address>
         <size>0x4</size>
      </object_component>
      <object_component id="oc-2f">
         <name>.stack</name>
         <uninitialized>true</uninitialized>
         <run_address>0x2000fe00</run_address>
         <size>0x0</size>
         <input_file_ref idref="fl-c4"/>
      </object_component>
      <object_component id="oc-228">
         <name>.stack</name>
         <uninitialized>true</uninitialized>
         <run_address>0x2000fe00</run_address>
         <size>0x0</size>
      </object_component>
      <object_component id="oc-1c3">
         <name>.debug_info</name>
         <load_address>0x0</load_address>
         <run_address>0x0</run_address>
         <size>0x372</size>
         <input_file_ref idref="fl-2"/>
      </object_component>
      <object_component id="oc-bf">
         <name>.debug_info</name>
         <load_address>0x372</load_address>
         <run_address>0x372</run_address>
         <size>0x179</size>
         <input_file_ref idref="fl-2"/>
      </object_component>
      <object_component id="oc-16d">
         <name>.debug_info</name>
         <load_address>0x4eb</load_address>
         <run_address>0x4eb</run_address>
         <size>0x37a3</size>
         <input_file_ref idref="fl-2"/>
      </object_component>
      <object_component id="oc-172">
         <name>.debug_info</name>
         <load_address>0x3c8e</load_address>
         <run_address>0x3c8e</run_address>
         <size>0x103e</size>
         <input_file_ref idref="fl-2"/>
      </object_component>
      <object_component id="oc-36">
         <name>.debug_info</name>
         <load_address>0x4ccc</load_address>
         <run_address>0x4ccc</run_address>
         <size>0x84</size>
         <input_file_ref idref="fl-2"/>
      </object_component>
      <object_component id="oc-11a">
         <name>.debug_info</name>
         <load_address>0x4d50</load_address>
         <run_address>0x4d50</run_address>
         <size>0x18b</size>
         <input_file_ref idref="fl-2"/>
      </object_component>
      <object_component id="oc-124">
         <name>.debug_info</name>
         <load_address>0x4edb</load_address>
         <run_address>0x4edb</run_address>
         <size>0x37c</size>
         <input_file_ref idref="fl-3"/>
      </object_component>
      <object_component id="oc-121">
         <name>.debug_info</name>
         <load_address>0x5257</load_address>
         <run_address>0x5257</run_address>
         <size>0xf4</size>
         <input_file_ref idref="fl-3"/>
      </object_component>
      <object_component id="oc-c7">
         <name>.debug_info</name>
         <load_address>0x534b</load_address>
         <run_address>0x534b</run_address>
         <size>0x20e</size>
         <input_file_ref idref="fl-3"/>
      </object_component>
      <object_component id="oc-15b">
         <name>.debug_info</name>
         <load_address>0x5559</load_address>
         <run_address>0x5559</run_address>
         <size>0x1f0</size>
         <input_file_ref idref="fl-4"/>
      </object_component>
      <object_component id="oc-e9">
         <name>.debug_info</name>
         <load_address>0x5749</load_address>
         <run_address>0x5749</run_address>
         <size>0x565</size>
         <input_file_ref idref="fl-5"/>
      </object_component>
      <object_component id="oc-155">
         <name>.debug_info</name>
         <load_address>0x5cae</load_address>
         <run_address>0x5cae</run_address>
         <size>0xd6</size>
         <input_file_ref idref="fl-5"/>
      </object_component>
      <object_component id="oc-152">
         <name>.debug_info</name>
         <load_address>0x5d84</load_address>
         <run_address>0x5d84</run_address>
         <size>0xc8</size>
         <input_file_ref idref="fl-5"/>
      </object_component>
      <object_component id="oc-cb">
         <name>.debug_info</name>
         <load_address>0x5e4c</load_address>
         <run_address>0x5e4c</run_address>
         <size>0x5ee</size>
         <input_file_ref idref="fl-5"/>
      </object_component>
      <object_component id="oc-177">
         <name>.debug_info</name>
         <load_address>0x643a</load_address>
         <run_address>0x643a</run_address>
         <size>0x69</size>
         <input_file_ref idref="fl-5"/>
      </object_component>
      <object_component id="oc-165">
         <name>.debug_info</name>
         <load_address>0x64a3</load_address>
         <run_address>0x64a3</run_address>
         <size>0x3c5</size>
         <input_file_ref idref="fl-6"/>
      </object_component>
      <object_component id="oc-162">
         <name>.debug_info</name>
         <load_address>0x6868</load_address>
         <run_address>0x6868</run_address>
         <size>0xc4</size>
         <input_file_ref idref="fl-6"/>
      </object_component>
      <object_component id="oc-15f">
         <name>.debug_info</name>
         <load_address>0x692c</load_address>
         <run_address>0x692c</run_address>
         <size>0xc5</size>
         <input_file_ref idref="fl-6"/>
      </object_component>
      <object_component id="oc-d1">
         <name>.debug_info</name>
         <load_address>0x69f1</load_address>
         <run_address>0x69f1</run_address>
         <size>0x1ad</size>
         <input_file_ref idref="fl-6"/>
      </object_component>
      <object_component id="oc-1be">
         <name>.debug_info</name>
         <load_address>0x6b9e</load_address>
         <run_address>0x6b9e</run_address>
         <size>0x37a3</size>
         <input_file_ref idref="fl-6"/>
      </object_component>
      <object_component id="oc-eb">
         <name>.debug_info</name>
         <load_address>0xa341</load_address>
         <run_address>0xa341</run_address>
         <size>0x590</size>
         <input_file_ref idref="fl-8"/>
      </object_component>
      <object_component id="oc-e6">
         <name>.debug_info</name>
         <load_address>0xa8d1</load_address>
         <run_address>0xa8d1</run_address>
         <size>0xe5</size>
         <input_file_ref idref="fl-8"/>
      </object_component>
      <object_component id="oc-7c">
         <name>.debug_info</name>
         <load_address>0xa9b6</load_address>
         <run_address>0xa9b6</run_address>
         <size>0x3ec</size>
         <input_file_ref idref="fl-8"/>
      </object_component>
      <object_component id="oc-83">
         <name>.debug_info</name>
         <load_address>0xada2</load_address>
         <run_address>0xada2</run_address>
         <size>0x111</size>
         <input_file_ref idref="fl-9"/>
      </object_component>
      <object_component id="oc-2d">
         <name>.debug_info</name>
         <load_address>0xaeb3</load_address>
         <run_address>0xaeb3</run_address>
         <size>0xe9</size>
         <input_file_ref idref="fl-9"/>
      </object_component>
      <object_component id="oc-79">
         <name>.debug_info</name>
         <load_address>0xaf9c</load_address>
         <run_address>0xaf9c</run_address>
         <size>0x1b0</size>
         <input_file_ref idref="fl-9"/>
      </object_component>
      <object_component id="oc-117">
         <name>.debug_info</name>
         <load_address>0xb14c</load_address>
         <run_address>0xb14c</run_address>
         <size>0xe2</size>
         <input_file_ref idref="fl-a"/>
      </object_component>
      <object_component id="oc-b8">
         <name>.debug_info</name>
         <load_address>0xb22e</load_address>
         <run_address>0xb22e</run_address>
         <size>0x254</size>
         <input_file_ref idref="fl-a"/>
      </object_component>
      <object_component id="oc-27">
         <name>.debug_info</name>
         <load_address>0xb482</load_address>
         <run_address>0xb482</run_address>
         <size>0x160</size>
         <input_file_ref idref="fl-c4"/>
      </object_component>
      <object_component id="oc-89">
         <name>.debug_info</name>
         <load_address>0xb5e2</load_address>
         <run_address>0xb5e2</run_address>
         <size>0xf9</size>
         <input_file_ref idref="fl-c5"/>
      </object_component>
      <object_component id="oc-15">
         <name>.debug_info</name>
         <load_address>0xb6db</load_address>
         <run_address>0xb6db</run_address>
         <size>0x245</size>
         <input_file_ref idref="fl-c5"/>
      </object_component>
      <object_component id="oc-31">
         <name>.debug_info</name>
         <load_address>0xb920</load_address>
         <run_address>0xb920</run_address>
         <size>0x60</size>
         <input_file_ref idref="fl-c5"/>
      </object_component>
      <object_component id="oc-84">
         <name>.debug_info</name>
         <load_address>0xb980</load_address>
         <run_address>0xb980</run_address>
         <size>0x46</size>
         <input_file_ref idref="fl-c5"/>
      </object_component>
      <object_component id="oc-46">
         <name>.debug_info</name>
         <load_address>0xb9c6</load_address>
         <run_address>0xb9c6</run_address>
         <size>0x140</size>
         <input_file_ref idref="fl-c6"/>
      </object_component>
      <object_component id="oc-1e">
         <name>.debug_info</name>
         <load_address>0xbb06</load_address>
         <run_address>0xbb06</run_address>
         <size>0x1df</size>
         <input_file_ref idref="fl-c6"/>
      </object_component>
      <object_component id="oc-41">
         <name>.debug_info</name>
         <load_address>0xbce5</load_address>
         <run_address>0xbce5</run_address>
         <size>0x46</size>
         <input_file_ref idref="fl-c6"/>
      </object_component>
      <object_component id="oc-8b">
         <name>.debug_info</name>
         <load_address>0xbd2b</load_address>
         <run_address>0xbd2b</run_address>
         <size>0x2c</size>
         <input_file_ref idref="fl-c6"/>
      </object_component>
      <object_component id="oc-52">
         <name>.debug_info</name>
         <load_address>0xbd57</load_address>
         <run_address>0xbd57</run_address>
         <size>0x12f</size>
         <input_file_ref idref="fl-c7"/>
      </object_component>
      <object_component id="oc-21">
         <name>.debug_info</name>
         <load_address>0xbe86</load_address>
         <run_address>0xbe86</run_address>
         <size>0x1aa</size>
         <input_file_ref idref="fl-c7"/>
      </object_component>
      <object_component id="oc-4d">
         <name>.debug_info</name>
         <load_address>0xc030</load_address>
         <run_address>0xc030</run_address>
         <size>0x46</size>
         <input_file_ref idref="fl-c7"/>
      </object_component>
      <object_component id="oc-93">
         <name>.debug_info</name>
         <load_address>0xc076</load_address>
         <run_address>0xc076</run_address>
         <size>0x2c</size>
         <input_file_ref idref="fl-c7"/>
      </object_component>
      <object_component id="oc-b3">
         <name>.debug_info</name>
         <load_address>0xc0a2</load_address>
         <run_address>0xc0a2</run_address>
         <size>0x234</size>
         <input_file_ref idref="fl-c8"/>
      </object_component>
      <object_component id="oc-ad">
         <name>.debug_info</name>
         <load_address>0xc2d6</load_address>
         <run_address>0xc2d6</run_address>
         <size>0x185</size>
         <input_file_ref idref="fl-c8"/>
      </object_component>
      <object_component id="oc-6f">
         <name>.debug_info</name>
         <load_address>0xc45b</load_address>
         <run_address>0xc45b</run_address>
         <size>0x214</size>
         <input_file_ref idref="fl-c8"/>
      </object_component>
      <object_component id="oc-de">
         <name>.debug_info</name>
         <load_address>0xc66f</load_address>
         <run_address>0xc66f</run_address>
         <size>0x144</size>
         <input_file_ref idref="fl-c9"/>
      </object_component>
      <object_component id="oc-143">
         <name>.debug_info</name>
         <load_address>0xc7b3</load_address>
         <run_address>0xc7b3</run_address>
         <size>0x120</size>
         <input_file_ref idref="fl-ca"/>
      </object_component>
      <object_component id="oc-147">
         <name>.debug_info</name>
         <load_address>0xc8d3</load_address>
         <run_address>0xc8d3</run_address>
         <size>0x122</size>
         <input_file_ref idref="fl-ca"/>
      </object_component>
      <object_component id="oc-12d">
         <name>.debug_info</name>
         <load_address>0xc9f5</load_address>
         <run_address>0xc9f5</run_address>
         <size>0x132</size>
         <input_file_ref idref="fl-cb"/>
      </object_component>
      <object_component id="oc-130">
         <name>.debug_info</name>
         <load_address>0xcb27</load_address>
         <run_address>0xcb27</run_address>
         <size>0x132</size>
         <input_file_ref idref="fl-cc"/>
      </object_component>
      <object_component id="oc-13d">
         <name>.debug_info</name>
         <load_address>0xcc59</load_address>
         <run_address>0xcc59</run_address>
         <size>0x126</size>
         <input_file_ref idref="fl-cd"/>
      </object_component>
      <object_component id="oc-e2">
         <name>.debug_info</name>
         <load_address>0xcd7f</load_address>
         <run_address>0xcd7f</run_address>
         <size>0x136</size>
         <input_file_ref idref="fl-ce"/>
      </object_component>
      <object_component id="oc-d7">
         <name>.debug_info</name>
         <load_address>0xceb5</load_address>
         <run_address>0xceb5</run_address>
         <size>0x124</size>
         <input_file_ref idref="fl-cf"/>
      </object_component>
      <object_component id="oc-126">
         <name>.debug_info</name>
         <load_address>0xcfd9</load_address>
         <run_address>0xcfd9</run_address>
         <size>0x124</size>
         <input_file_ref idref="fl-d0"/>
      </object_component>
      <object_component id="oc-3e">
         <name>.debug_info</name>
         <load_address>0xd0fd</load_address>
         <run_address>0xd0fd</run_address>
         <size>0x111</size>
         <input_file_ref idref="fl-d1"/>
      </object_component>
      <object_component id="oc-49">
         <name>.debug_info</name>
         <load_address>0xd20e</load_address>
         <run_address>0xd20e</run_address>
         <size>0x13f</size>
         <input_file_ref idref="fl-d2"/>
      </object_component>
      <object_component id="oc-57">
         <name>.debug_info</name>
         <load_address>0xd34d</load_address>
         <run_address>0xd34d</run_address>
         <size>0x138</size>
         <input_file_ref idref="fl-d3"/>
      </object_component>
      <object_component id="oc-5d">
         <name>.debug_info</name>
         <load_address>0xd485</load_address>
         <run_address>0xd485</run_address>
         <size>0x148</size>
         <input_file_ref idref="fl-d4"/>
      </object_component>
      <object_component id="oc-1a9">
         <name>.debug_info</name>
         <load_address>0xd5cd</load_address>
         <run_address>0xd5cd</run_address>
         <size>0x20b</size>
         <input_file_ref idref="fl-d5"/>
      </object_component>
      <object_component id="oc-137">
         <name>.debug_info</name>
         <load_address>0xd7d8</load_address>
         <run_address>0xd7d8</run_address>
         <size>0x78b</size>
         <input_file_ref idref="fl-d5"/>
      </object_component>
      <object_component id="oc-1aa">
         <name>.debug_info</name>
         <load_address>0xdf63</load_address>
         <run_address>0xdf63</run_address>
         <size>0x39</size>
         <input_file_ref idref="fl-d5"/>
      </object_component>
      <object_component id="oc-72">
         <name>.debug_info</name>
         <load_address>0xdf9c</load_address>
         <run_address>0xdf9c</run_address>
         <size>0x109</size>
         <input_file_ref idref="fl-d6"/>
      </object_component>
      <object_component id="oc-112">
         <name>.debug_info</name>
         <load_address>0xe0a5</load_address>
         <run_address>0xe0a5</run_address>
         <size>0x124</size>
         <input_file_ref idref="fl-d7"/>
      </object_component>
      <object_component id="oc-b0">
         <name>.debug_info</name>
         <load_address>0xe1c9</load_address>
         <run_address>0xe1c9</run_address>
         <size>0x113</size>
         <input_file_ref idref="fl-d7"/>
      </object_component>
      <object_component id="oc-10d">
         <name>.debug_info</name>
         <load_address>0xe2dc</load_address>
         <run_address>0xe2dc</run_address>
         <size>0x21f</size>
         <input_file_ref idref="fl-d7"/>
      </object_component>
      <object_component id="oc-ab">
         <name>.debug_info</name>
         <load_address>0xe4fb</load_address>
         <run_address>0xe4fb</run_address>
         <size>0x166</size>
         <input_file_ref idref="fl-d8"/>
      </object_component>
      <object_component id="oc-69">
         <name>.debug_info</name>
         <load_address>0xe661</load_address>
         <run_address>0xe661</run_address>
         <size>0x167</size>
         <input_file_ref idref="fl-d8"/>
      </object_component>
      <object_component id="oc-103">
         <name>.debug_info</name>
         <load_address>0xe7c8</load_address>
         <run_address>0xe7c8</run_address>
         <size>0x5e</size>
         <input_file_ref idref="fl-d8"/>
      </object_component>
      <object_component id="oc-a9">
         <name>.debug_info</name>
         <load_address>0xe826</load_address>
         <run_address>0xe826</run_address>
         <size>0x2e9</size>
         <input_file_ref idref="fl-d9"/>
      </object_component>
      <object_component id="oc-60">
         <name>.debug_info</name>
         <load_address>0xeb0f</load_address>
         <run_address>0xeb0f</run_address>
         <size>0x190</size>
         <input_file_ref idref="fl-d9"/>
      </object_component>
      <object_component id="oc-f7">
         <name>.debug_info</name>
         <load_address>0xec9f</load_address>
         <run_address>0xec9f</run_address>
         <size>0x39</size>
         <input_file_ref idref="fl-d9"/>
      </object_component>
      <object_component id="oc-185">
         <name>.debug_info</name>
         <load_address>0xecd8</load_address>
         <run_address>0xecd8</run_address>
         <size>0x39</size>
         <input_file_ref idref="fl-d9"/>
      </object_component>
      <object_component id="oc-fc">
         <name>.debug_info</name>
         <load_address>0xed11</load_address>
         <run_address>0xed11</run_address>
         <size>0xcd</size>
         <input_file_ref idref="fl-d9"/>
      </object_component>
      <object_component id="oc-f3">
         <name>.debug_info</name>
         <load_address>0xedde</load_address>
         <run_address>0xedde</run_address>
         <size>0x1e0</size>
         <input_file_ref idref="fl-da"/>
      </object_component>
      <object_component id="oc-9d">
         <name>.debug_info</name>
         <load_address>0xefbe</load_address>
         <run_address>0xefbe</run_address>
         <size>0x183</size>
         <input_file_ref idref="fl-da"/>
      </object_component>
      <object_component id="oc-180">
         <name>.debug_info</name>
         <load_address>0xf141</load_address>
         <run_address>0xf141</run_address>
         <size>0x2c</size>
         <input_file_ref idref="fl-da"/>
      </object_component>
      <object_component id="oc-1de">
         <name>.debug_info</name>
         <load_address>0xf16d</load_address>
         <run_address>0xf16d</run_address>
         <size>0xde</size>
         <input_file_ref idref="fl-db"/>
      </object_component>
      <object_component id="oc-1a5">
         <name>.debug_info</name>
         <load_address>0xf24b</load_address>
         <run_address>0xf24b</run_address>
         <size>0x31c</size>
         <input_file_ref idref="fl-db"/>
      </object_component>
      <object_component id="oc-1d6">
         <name>.debug_info</name>
         <load_address>0xf567</load_address>
         <run_address>0xf567</run_address>
         <size>0x200</size>
         <input_file_ref idref="fl-dc"/>
      </object_component>
      <object_component id="oc-1d3">
         <name>.debug_info</name>
         <load_address>0xf767</load_address>
         <run_address>0xf767</run_address>
         <size>0x12f</size>
         <input_file_ref idref="fl-dc"/>
      </object_component>
      <object_component id="oc-1a0">
         <name>.debug_info</name>
         <load_address>0xf896</load_address>
         <run_address>0xf896</run_address>
         <size>0x724</size>
         <input_file_ref idref="fl-dc"/>
      </object_component>
      <object_component id="oc-1d8">
         <name>.debug_info</name>
         <load_address>0xffba</load_address>
         <run_address>0xffba</run_address>
         <size>0x2c</size>
         <input_file_ref idref="fl-dc"/>
      </object_component>
      <object_component id="oc-1c5">
         <name>.debug_info</name>
         <load_address>0xffe6</load_address>
         <run_address>0xffe6</run_address>
         <size>0xe3</size>
         <input_file_ref idref="fl-dd"/>
      </object_component>
      <object_component id="oc-198">
         <name>.debug_info</name>
         <load_address>0x100c9</load_address>
         <run_address>0x100c9</run_address>
         <size>0x375</size>
         <input_file_ref idref="fl-dd"/>
      </object_component>
      <object_component id="oc-1f1">
         <name>.debug_info</name>
         <load_address>0x1043e</load_address>
         <run_address>0x1043e</run_address>
         <size>0x134</size>
         <input_file_ref idref="fl-de"/>
      </object_component>
      <object_component id="oc-1cf">
         <name>.debug_info</name>
         <load_address>0x10572</load_address>
         <run_address>0x10572</run_address>
         <size>0x21f</size>
         <input_file_ref idref="fl-de"/>
      </object_component>
      <object_component id="oc-1ef">
         <name>.debug_info</name>
         <load_address>0x10791</load_address>
         <run_address>0x10791</run_address>
         <size>0x17c</size>
         <input_file_ref idref="fl-df"/>
      </object_component>
      <object_component id="oc-1c9">
         <name>.debug_info</name>
         <load_address>0x1090d</load_address>
         <run_address>0x1090d</run_address>
         <size>0x1d5</size>
         <input_file_ref idref="fl-df"/>
      </object_component>
      <object_component id="oc-a3">
         <name>.debug_info</name>
         <load_address>0x10ae2</load_address>
         <run_address>0x10ae2</run_address>
         <size>0x145</size>
         <input_file_ref idref="fl-e0"/>
      </object_component>
      <object_component id="oc-1ec">
         <name>.debug_info</name>
         <load_address>0x10c27</load_address>
         <run_address>0x10c27</run_address>
         <size>0xf3</size>
         <input_file_ref idref="fl-e1"/>
      </object_component>
      <object_component id="oc-1e8">
         <name>.debug_info</name>
         <load_address>0x10d1a</load_address>
         <run_address>0x10d1a</run_address>
         <size>0x156</size>
         <input_file_ref idref="fl-e2"/>
      </object_component>
      <object_component id="oc-229">
         <name>.debug_info</name>
         <load_address>0x10e70</load_address>
         <run_address>0x10e70</run_address>
         <size>0x98</size>
      </object_component>
      <object_component id="oc-1e2">
         <name>.debug_line</name>
         <load_address>0x0</load_address>
         <run_address>0x0</run_address>
         <size>0x20</size>
         <input_file_ref idref="fl-2"/>
      </object_component>
      <object_component id="oc-c2">
         <name>.debug_line</name>
         <load_address>0x20</load_address>
         <run_address>0x20</run_address>
         <size>0x9e</size>
         <input_file_ref idref="fl-2"/>
      </object_component>
      <object_component id="oc-170">
         <name>.debug_line</name>
         <load_address>0xbe</load_address>
         <run_address>0xbe</run_address>
         <size>0x52</size>
         <input_file_ref idref="fl-2"/>
      </object_component>
      <object_component id="oc-175">
         <name>.debug_line</name>
         <load_address>0x110</load_address>
         <run_address>0x110</run_address>
         <size>0x55</size>
         <input_file_ref idref="fl-2"/>
      </object_component>
      <object_component id="oc-39">
         <name>.debug_line</name>
         <load_address>0x165</load_address>
         <run_address>0x165</run_address>
         <size>0x20</size>
         <input_file_ref idref="fl-2"/>
      </object_component>
      <object_component id="oc-11d">
         <name>.debug_line</name>
         <load_address>0x185</load_address>
         <run_address>0x185</run_address>
         <size>0x65</size>
         <input_file_ref idref="fl-2"/>
      </object_component>
      <object_component id="oc-192">
         <name>.debug_line</name>
         <load_address>0x1ea</load_address>
         <run_address>0x1ea</run_address>
         <size>0x20</size>
         <input_file_ref idref="fl-3"/>
      </object_component>
      <object_component id="oc-190">
         <name>.debug_line</name>
         <load_address>0x20a</load_address>
         <run_address>0x20a</run_address>
         <size>0x2c</size>
         <input_file_ref idref="fl-3"/>
      </object_component>
      <object_component id="oc-c9">
         <name>.debug_line</name>
         <load_address>0x236</load_address>
         <run_address>0x236</run_address>
         <size>0x8c</size>
         <input_file_ref idref="fl-3"/>
      </object_component>
      <object_component id="oc-159">
         <name>.debug_line</name>
         <load_address>0x2c2</load_address>
         <run_address>0x2c2</run_address>
         <size>0x96</size>
         <input_file_ref idref="fl-4"/>
      </object_component>
      <object_component id="oc-16c">
         <name>.debug_line</name>
         <load_address>0x358</load_address>
         <run_address>0x358</run_address>
         <size>0x7d</size>
         <input_file_ref idref="fl-5"/>
      </object_component>
      <object_component id="oc-1b5">
         <name>.debug_line</name>
         <load_address>0x3d5</load_address>
         <run_address>0x3d5</run_address>
         <size>0x2d</size>
         <input_file_ref idref="fl-5"/>
      </object_component>
      <object_component id="oc-1b3">
         <name>.debug_line</name>
         <load_address>0x402</load_address>
         <run_address>0x402</run_address>
         <size>0x2d</size>
         <input_file_ref idref="fl-5"/>
      </object_component>
      <object_component id="oc-ce">
         <name>.debug_line</name>
         <load_address>0x42f</load_address>
         <run_address>0x42f</run_address>
         <size>0x1fe</size>
         <input_file_ref idref="fl-5"/>
      </object_component>
      <object_component id="oc-17a">
         <name>.debug_line</name>
         <load_address>0x62d</load_address>
         <run_address>0x62d</run_address>
         <size>0x2d</size>
         <input_file_ref idref="fl-5"/>
      </object_component>
      <object_component id="oc-1bd">
         <name>.debug_line</name>
         <load_address>0x65a</load_address>
         <run_address>0x65a</run_address>
         <size>0x2e</size>
         <input_file_ref idref="fl-6"/>
      </object_component>
      <object_component id="oc-1bb">
         <name>.debug_line</name>
         <load_address>0x688</load_address>
         <run_address>0x688</run_address>
         <size>0x2f</size>
         <input_file_ref idref="fl-6"/>
      </object_component>
      <object_component id="oc-1b8">
         <name>.debug_line</name>
         <load_address>0x6b7</load_address>
         <run_address>0x6b7</run_address>
         <size>0x2f</size>
         <input_file_ref idref="fl-6"/>
      </object_component>
      <object_component id="oc-d4">
         <name>.debug_line</name>
         <load_address>0x6e6</load_address>
         <run_address>0x6e6</run_address>
         <size>0xa0</size>
         <input_file_ref idref="fl-6"/>
      </object_component>
      <object_component id="oc-1c1">
         <name>.debug_line</name>
         <load_address>0x786</load_address>
         <run_address>0x786</run_address>
         <size>0x52</size>
         <input_file_ref idref="fl-6"/>
      </object_component>
      <object_component id="oc-17d">
         <name>.debug_line</name>
         <load_address>0x7d8</load_address>
         <run_address>0x7d8</run_address>
         <size>0x56</size>
         <input_file_ref idref="fl-8"/>
      </object_component>
      <object_component id="oc-16a">
         <name>.debug_line</name>
         <load_address>0x82e</load_address>
         <run_address>0x82e</run_address>
         <size>0x2d</size>
         <input_file_ref idref="fl-8"/>
      </object_component>
      <object_component id="oc-7f">
         <name>.debug_line</name>
         <load_address>0x85b</load_address>
         <run_address>0x85b</run_address>
         <size>0x116</size>
         <input_file_ref idref="fl-8"/>
      </object_component>
      <object_component id="oc-ef">
         <name>.debug_line</name>
         <load_address>0x971</load_address>
         <run_address>0x971</run_address>
         <size>0x40</size>
         <input_file_ref idref="fl-9"/>
      </object_component>
      <object_component id="oc-82">
         <name>.debug_line</name>
         <load_address>0x9b1</load_address>
         <run_address>0x9b1</run_address>
         <size>0x40</size>
         <input_file_ref idref="fl-9"/>
      </object_component>
      <object_component id="oc-77">
         <name>.debug_line</name>
         <load_address>0x9f1</load_address>
         <run_address>0x9f1</run_address>
         <size>0x71</size>
         <input_file_ref idref="fl-9"/>
      </object_component>
      <object_component id="oc-18e">
         <name>.debug_line</name>
         <load_address>0xa62</load_address>
         <run_address>0xa62</run_address>
         <size>0x3b</size>
         <input_file_ref idref="fl-a"/>
      </object_component>
      <object_component id="oc-bb">
         <name>.debug_line</name>
         <load_address>0xa9d</load_address>
         <run_address>0xa9d</run_address>
         <size>0x146</size>
         <input_file_ref idref="fl-a"/>
      </object_component>
      <object_component id="oc-2a">
         <name>.debug_line</name>
         <load_address>0xbe3</load_address>
         <run_address>0xbe3</run_address>
         <size>0x53</size>
         <input_file_ref idref="fl-c4"/>
      </object_component>
      <object_component id="oc-f1">
         <name>.debug_line</name>
         <load_address>0xc36</load_address>
         <run_address>0xc36</run_address>
         <size>0x20</size>
         <input_file_ref idref="fl-c5"/>
      </object_component>
      <object_component id="oc-18">
         <name>.debug_line</name>
         <load_address>0xc56</load_address>
         <run_address>0xc56</run_address>
         <size>0xa9</size>
         <input_file_ref idref="fl-c5"/>
      </object_component>
      <object_component id="oc-34">
         <name>.debug_line</name>
         <load_address>0xcff</load_address>
         <run_address>0xcff</run_address>
         <size>0x3a</size>
         <input_file_ref idref="fl-c5"/>
      </object_component>
      <object_component id="oc-87">
         <name>.debug_line</name>
         <load_address>0xd39</load_address>
         <run_address>0xd39</run_address>
         <size>0x8a</size>
         <input_file_ref idref="fl-c5"/>
      </object_component>
      <object_component id="oc-91">
         <name>.debug_line</name>
         <load_address>0xdc3</load_address>
         <run_address>0xdc3</run_address>
         <size>0x8a</size>
         <input_file_ref idref="fl-c6"/>
      </object_component>
      <object_component id="oc-1c">
         <name>.debug_line</name>
         <load_address>0xe4d</load_address>
         <run_address>0xe4d</run_address>
         <size>0x55</size>
         <input_file_ref idref="fl-c6"/>
      </object_component>
      <object_component id="oc-44">
         <name>.debug_line</name>
         <load_address>0xea2</load_address>
         <run_address>0xea2</run_address>
         <size>0x3a</size>
         <input_file_ref idref="fl-c6"/>
      </object_component>
      <object_component id="oc-8e">
         <name>.debug_line</name>
         <load_address>0xedc</load_address>
         <run_address>0xedc</run_address>
         <size>0x8a</size>
         <input_file_ref idref="fl-c6"/>
      </object_component>
      <object_component id="oc-99">
         <name>.debug_line</name>
         <load_address>0xf66</load_address>
         <run_address>0xf66</run_address>
         <size>0x8a</size>
         <input_file_ref idref="fl-c7"/>
      </object_component>
      <object_component id="oc-24">
         <name>.debug_line</name>
         <load_address>0xff0</load_address>
         <run_address>0xff0</run_address>
         <size>0x4f</size>
         <input_file_ref idref="fl-c7"/>
      </object_component>
      <object_component id="oc-50">
         <name>.debug_line</name>
         <load_address>0x103f</load_address>
         <run_address>0x103f</run_address>
         <size>0x34</size>
         <input_file_ref idref="fl-c7"/>
      </object_component>
      <object_component id="oc-96">
         <name>.debug_line</name>
         <load_address>0x1073</load_address>
         <run_address>0x1073</run_address>
         <size>0x8a</size>
         <input_file_ref idref="fl-c7"/>
      </object_component>
      <object_component id="oc-115">
         <name>.debug_line</name>
         <load_address>0x10fd</load_address>
         <run_address>0x10fd</run_address>
         <size>0xf2</size>
         <input_file_ref idref="fl-c8"/>
      </object_component>
      <object_component id="oc-109">
         <name>.debug_line</name>
         <load_address>0x11ef</load_address>
         <run_address>0x11ef</run_address>
         <size>0x2a</size>
         <input_file_ref idref="fl-c8"/>
      </object_component>
      <object_component id="oc-6d">
         <name>.debug_line</name>
         <load_address>0x1219</load_address>
         <run_address>0x1219</run_address>
         <size>0x86</size>
         <input_file_ref idref="fl-c8"/>
      </object_component>
      <object_component id="oc-dd">
         <name>.debug_line</name>
         <load_address>0x129f</load_address>
         <run_address>0x129f</run_address>
         <size>0xd2</size>
         <input_file_ref idref="fl-c9"/>
      </object_component>
      <object_component id="oc-141">
         <name>.debug_line</name>
         <load_address>0x1371</load_address>
         <run_address>0x1371</run_address>
         <size>0x77</size>
         <input_file_ref idref="fl-ca"/>
      </object_component>
      <object_component id="oc-149">
         <name>.debug_line</name>
         <load_address>0x13e8</load_address>
         <run_address>0x13e8</run_address>
         <size>0x77</size>
         <input_file_ref idref="fl-ca"/>
      </object_component>
      <object_component id="oc-12b">
         <name>.debug_line</name>
         <load_address>0x145f</load_address>
         <run_address>0x145f</run_address>
         <size>0xa8</size>
         <input_file_ref idref="fl-cb"/>
      </object_component>
      <object_component id="oc-133">
         <name>.debug_line</name>
         <load_address>0x1507</load_address>
         <run_address>0x1507</run_address>
         <size>0x8e</size>
         <input_file_ref idref="fl-cc"/>
      </object_component>
      <object_component id="oc-13c">
         <name>.debug_line</name>
         <load_address>0x1595</load_address>
         <run_address>0x1595</run_address>
         <size>0x5a</size>
         <input_file_ref idref="fl-cd"/>
      </object_component>
      <object_component id="oc-e1">
         <name>.debug_line</name>
         <load_address>0x15ef</load_address>
         <run_address>0x15ef</run_address>
         <size>0x67</size>
         <input_file_ref idref="fl-ce"/>
      </object_component>
      <object_component id="oc-da">
         <name>.debug_line</name>
         <load_address>0x1656</load_address>
         <run_address>0x1656</run_address>
         <size>0x57</size>
         <input_file_ref idref="fl-cf"/>
      </object_component>
      <object_component id="oc-129">
         <name>.debug_line</name>
         <load_address>0x16ad</load_address>
         <run_address>0x16ad</run_address>
         <size>0x50</size>
         <input_file_ref idref="fl-d0"/>
      </object_component>
      <object_component id="oc-3c">
         <name>.debug_line</name>
         <load_address>0x16fd</load_address>
         <run_address>0x16fd</run_address>
         <size>0x88</size>
         <input_file_ref idref="fl-d1"/>
      </object_component>
      <object_component id="oc-48">
         <name>.debug_line</name>
         <load_address>0x1785</load_address>
         <run_address>0x1785</run_address>
         <size>0x79</size>
         <input_file_ref idref="fl-d2"/>
      </object_component>
      <object_component id="oc-54">
         <name>.debug_line</name>
         <load_address>0x17fe</load_address>
         <run_address>0x17fe</run_address>
         <size>0x3d</size>
         <input_file_ref idref="fl-d3"/>
      </object_component>
      <object_component id="oc-5a">
         <name>.debug_line</name>
         <load_address>0x183b</load_address>
         <run_address>0x183b</run_address>
         <size>0x40</size>
         <input_file_ref idref="fl-d4"/>
      </object_component>
      <object_component id="oc-1e0">
         <name>.debug_line</name>
         <load_address>0x187b</load_address>
         <run_address>0x187b</run_address>
         <size>0x32</size>
         <input_file_ref idref="fl-d5"/>
      </object_component>
      <object_component id="oc-139">
         <name>.debug_line</name>
         <load_address>0x18ad</load_address>
         <run_address>0x18ad</run_address>
         <size>0x201</size>
         <input_file_ref idref="fl-d5"/>
      </object_component>
      <object_component id="oc-1ad">
         <name>.debug_line</name>
         <load_address>0x1aae</load_address>
         <run_address>0x1aae</run_address>
         <size>0x8a</size>
         <input_file_ref idref="fl-d5"/>
      </object_component>
      <object_component id="oc-b6">
         <name>.debug_line</name>
         <load_address>0x1b38</load_address>
         <run_address>0x1b38</run_address>
         <size>0x33</size>
         <input_file_ref idref="fl-d6"/>
      </object_component>
      <object_component id="oc-18c">
         <name>.debug_line</name>
         <load_address>0x1b6b</load_address>
         <run_address>0x1b6b</run_address>
         <size>0x20</size>
         <input_file_ref idref="fl-d7"/>
      </object_component>
      <object_component id="oc-111">
         <name>.debug_line</name>
         <load_address>0x1b8b</load_address>
         <run_address>0x1b8b</run_address>
         <size>0x2b</size>
         <input_file_ref idref="fl-d7"/>
      </object_component>
      <object_component id="oc-10c">
         <name>.debug_line</name>
         <load_address>0x1bb6</load_address>
         <run_address>0x1bb6</run_address>
         <size>0x68</size>
         <input_file_ref idref="fl-d7"/>
      </object_component>
      <object_component id="oc-102">
         <name>.debug_line</name>
         <load_address>0x1c1e</load_address>
         <run_address>0x1c1e</run_address>
         <size>0x2b</size>
         <input_file_ref idref="fl-d8"/>
      </object_component>
      <object_component id="oc-66">
         <name>.debug_line</name>
         <load_address>0x1c49</load_address>
         <run_address>0x1c49</run_address>
         <size>0x4a</size>
         <input_file_ref idref="fl-d8"/>
      </object_component>
      <object_component id="oc-106">
         <name>.debug_line</name>
         <load_address>0x1c93</load_address>
         <run_address>0x1c93</run_address>
         <size>0x2b</size>
         <input_file_ref idref="fl-d8"/>
      </object_component>
      <object_component id="oc-f6">
         <name>.debug_line</name>
         <load_address>0x1cbe</load_address>
         <run_address>0x1cbe</run_address>
         <size>0xa9</size>
         <input_file_ref idref="fl-d9"/>
      </object_component>
      <object_component id="oc-63">
         <name>.debug_line</name>
         <load_address>0x1d67</load_address>
         <run_address>0x1d67</run_address>
         <size>0x8b</size>
         <input_file_ref idref="fl-d9"/>
      </object_component>
      <object_component id="oc-fa">
         <name>.debug_line</name>
         <load_address>0x1df2</load_address>
         <run_address>0x1df2</run_address>
         <size>0x2e</size>
         <input_file_ref idref="fl-d9"/>
      </object_component>
      <object_component id="oc-188">
         <name>.debug_line</name>
         <load_address>0x1e20</load_address>
         <run_address>0x1e20</run_address>
         <size>0x8a</size>
         <input_file_ref idref="fl-d9"/>
      </object_component>
      <object_component id="oc-ff">
         <name>.debug_line</name>
         <load_address>0x1eaa</load_address>
         <run_address>0x1eaa</run_address>
         <size>0x8b</size>
         <input_file_ref idref="fl-d9"/>
      </object_component>
      <object_component id="oc-17f">
         <name>.debug_line</name>
         <load_address>0x1f35</load_address>
         <run_address>0x1f35</run_address>
         <size>0x98</size>
         <input_file_ref idref="fl-da"/>
      </object_component>
      <object_component id="oc-a1">
         <name>.debug_line</name>
         <load_address>0x1fcd</load_address>
         <run_address>0x1fcd</run_address>
         <size>0x68</size>
         <input_file_ref idref="fl-da"/>
      </object_component>
      <object_component id="oc-183">
         <name>.debug_line</name>
         <load_address>0x2035</load_address>
         <run_address>0x2035</run_address>
         <size>0x2e</size>
         <input_file_ref idref="fl-da"/>
      </object_component>
      <object_component id="oc-1f7">
         <name>.debug_line</name>
         <load_address>0x2063</load_address>
         <run_address>0x2063</run_address>
         <size>0x20</size>
         <input_file_ref idref="fl-db"/>
      </object_component>
      <object_component id="oc-1a4">
         <name>.debug_line</name>
         <load_address>0x2083</load_address>
         <run_address>0x2083</run_address>
         <size>0x49</size>
         <input_file_ref idref="fl-db"/>
      </object_component>
      <object_component id="oc-1f5">
         <name>.debug_line</name>
         <load_address>0x20cc</load_address>
         <run_address>0x20cc</run_address>
         <size>0x2a</size>
         <input_file_ref idref="fl-dc"/>
      </object_component>
      <object_component id="oc-1f3">
         <name>.debug_line</name>
         <load_address>0x20f6</load_address>
         <run_address>0x20f6</run_address>
         <size>0x30</size>
         <input_file_ref idref="fl-dc"/>
      </object_component>
      <object_component id="oc-19f">
         <name>.debug_line</name>
         <load_address>0x2126</load_address>
         <run_address>0x2126</run_address>
         <size>0x3fc</size>
         <input_file_ref idref="fl-dc"/>
      </object_component>
      <object_component id="oc-1db">
         <name>.debug_line</name>
         <load_address>0x2522</load_address>
         <run_address>0x2522</run_address>
         <size>0x8a</size>
         <input_file_ref idref="fl-dc"/>
      </object_component>
      <object_component id="oc-1e4">
         <name>.debug_line</name>
         <load_address>0x25ac</load_address>
         <run_address>0x25ac</run_address>
         <size>0x20</size>
         <input_file_ref idref="fl-dd"/>
      </object_component>
      <object_component id="oc-197">
         <name>.debug_line</name>
         <load_address>0x25cc</load_address>
         <run_address>0x25cc</run_address>
         <size>0x5e</size>
         <input_file_ref idref="fl-dd"/>
      </object_component>
      <object_component id="oc-1fe">
         <name>.debug_line</name>
         <load_address>0x262a</load_address>
         <run_address>0x262a</run_address>
         <size>0x20</size>
         <input_file_ref idref="fl-de"/>
      </object_component>
      <object_component id="oc-1cd">
         <name>.debug_line</name>
         <load_address>0x264a</load_address>
         <run_address>0x264a</run_address>
         <size>0xa8</size>
         <input_file_ref idref="fl-de"/>
      </object_component>
      <object_component id="oc-1fc">
         <name>.debug_line</name>
         <load_address>0x26f2</load_address>
         <run_address>0x26f2</run_address>
         <size>0x93</size>
         <input_file_ref idref="fl-df"/>
      </object_component>
      <object_component id="oc-1c7">
         <name>.debug_line</name>
         <load_address>0x2785</load_address>
         <run_address>0x2785</run_address>
         <size>0xa1</size>
         <input_file_ref idref="fl-df"/>
      </object_component>
      <object_component id="oc-a6">
         <name>.debug_line</name>
         <load_address>0x2826</load_address>
         <run_address>0x2826</run_address>
         <size>0x3c</size>
         <input_file_ref idref="fl-e0"/>
      </object_component>
      <object_component id="oc-1fa">
         <name>.debug_line</name>
         <load_address>0x2862</load_address>
         <run_address>0x2862</run_address>
         <size>0x2b</size>
         <input_file_ref idref="fl-e1"/>
      </object_component>
      <object_component id="oc-1e7">
         <name>.debug_line</name>
         <load_address>0x288d</load_address>
         <run_address>0x288d</run_address>
         <size>0x45</size>
         <input_file_ref idref="fl-e2"/>
      </object_component>
      <object_component id="oc-c3">
         <name>.debug_frame</name>
         <load_address>0x0</load_address>
         <run_address>0x0</run_address>
         <size>0x69</size>
         <input_file_ref idref="fl-2"/>
      </object_component>
      <object_component id="oc-c6">
         <name>.debug_frame</name>
         <load_address>0x69</load_address>
         <run_address>0x69</run_address>
         <size>0x70</size>
         <input_file_ref idref="fl-3"/>
      </object_component>
      <object_component id="oc-15a">
         <name>.debug_frame</name>
         <load_address>0xd9</load_address>
         <run_address>0xd9</run_address>
         <size>0x6e</size>
         <input_file_ref idref="fl-4"/>
      </object_component>
      <object_component id="oc-cf">
         <name>.debug_frame</name>
         <load_address>0x147</load_address>
         <run_address>0x147</run_address>
         <size>0xfb</size>
         <input_file_ref idref="fl-5"/>
      </object_component>
      <object_component id="oc-d5">
         <name>.debug_frame</name>
         <load_address>0x242</load_address>
         <run_address>0x242</run_address>
         <size>0x6e</size>
         <input_file_ref idref="fl-6"/>
      </object_component>
      <object_component id="oc-80">
         <name>.debug_frame</name>
         <load_address>0x2b0</load_address>
         <run_address>0x2b0</run_address>
         <size>0x82</size>
         <input_file_ref idref="fl-8"/>
      </object_component>
      <object_component id="oc-76">
         <name>.debug_frame</name>
         <load_address>0x332</load_address>
         <run_address>0x332</run_address>
         <size>0x69</size>
         <input_file_ref idref="fl-9"/>
      </object_component>
      <object_component id="oc-bc">
         <name>.debug_frame</name>
         <load_address>0x39b</load_address>
         <run_address>0x39b</run_address>
         <size>0x6a</size>
         <input_file_ref idref="fl-a"/>
      </object_component>
      <object_component id="oc-19">
         <name>.debug_frame</name>
         <load_address>0x405</load_address>
         <run_address>0x405</run_address>
         <size>0x60</size>
         <input_file_ref idref="fl-c5"/>
      </object_component>
      <object_component id="oc-1d">
         <name>.debug_frame</name>
         <load_address>0x465</load_address>
         <run_address>0x465</run_address>
         <size>0x51</size>
         <input_file_ref idref="fl-c6"/>
      </object_component>
      <object_component id="oc-25">
         <name>.debug_frame</name>
         <load_address>0x4b6</load_address>
         <run_address>0x4b6</run_address>
         <size>0x51</size>
         <input_file_ref idref="fl-c7"/>
      </object_component>
      <object_component id="oc-6e">
         <name>.debug_frame</name>
         <load_address>0x507</load_address>
         <run_address>0x507</run_address>
         <size>0x85</size>
         <input_file_ref idref="fl-c8"/>
      </object_component>
      <object_component id="oc-55">
         <name>.debug_frame</name>
         <load_address>0x58c</load_address>
         <run_address>0x58c</run_address>
         <size>0x51</size>
         <input_file_ref idref="fl-d3"/>
      </object_component>
      <object_component id="oc-5b">
         <name>.debug_frame</name>
         <load_address>0x5dd</load_address>
         <run_address>0x5dd</run_address>
         <size>0x51</size>
         <input_file_ref idref="fl-d4"/>
      </object_component>
      <object_component id="oc-135">
         <name>.debug_frame</name>
         <load_address>0x62e</load_address>
         <run_address>0x62e</run_address>
         <size>0x6f</size>
         <input_file_ref idref="fl-d5"/>
      </object_component>
      <object_component id="oc-10b">
         <name>.debug_frame</name>
         <load_address>0x69d</load_address>
         <run_address>0x69d</run_address>
         <size>0x73</size>
         <input_file_ref idref="fl-d7"/>
      </object_component>
      <object_component id="oc-67">
         <name>.debug_frame</name>
         <load_address>0x710</load_address>
         <run_address>0x710</run_address>
         <size>0x51</size>
         <input_file_ref idref="fl-d8"/>
      </object_component>
      <object_component id="oc-64">
         <name>.debug_frame</name>
         <load_address>0x761</load_address>
         <run_address>0x761</run_address>
         <size>0x5c</size>
         <input_file_ref idref="fl-d9"/>
      </object_component>
      <object_component id="oc-a0">
         <name>.debug_frame</name>
         <load_address>0x7bd</load_address>
         <run_address>0x7bd</run_address>
         <size>0x60</size>
         <input_file_ref idref="fl-da"/>
      </object_component>
      <object_component id="oc-1a7">
         <name>.debug_frame</name>
         <load_address>0x81d</load_address>
         <run_address>0x81d</run_address>
         <size>0x6d</size>
         <input_file_ref idref="fl-db"/>
      </object_component>
      <object_component id="oc-19e">
         <name>.debug_frame</name>
         <load_address>0x88a</load_address>
         <run_address>0x88a</run_address>
         <size>0x77</size>
         <input_file_ref idref="fl-dc"/>
      </object_component>
      <object_component id="oc-19b">
         <name>.debug_frame</name>
         <load_address>0x901</load_address>
         <run_address>0x901</run_address>
         <size>0x6d</size>
         <input_file_ref idref="fl-dd"/>
      </object_component>
      <object_component id="oc-1ce">
         <name>.debug_frame</name>
         <load_address>0x96e</load_address>
         <run_address>0x96e</run_address>
         <size>0x60</size>
         <input_file_ref idref="fl-de"/>
      </object_component>
      <object_component id="oc-1c8">
         <name>.debug_frame</name>
         <load_address>0x9ce</load_address>
         <run_address>0x9ce</run_address>
         <size>0x60</size>
         <input_file_ref idref="fl-df"/>
      </object_component>
      <object_component id="oc-a7">
         <name>.debug_frame</name>
         <load_address>0xa2e</load_address>
         <run_address>0xa2e</run_address>
         <size>0x51</size>
         <input_file_ref idref="fl-e0"/>
      </object_component>
      <object_component id="oc-1ea">
         <name>.debug_frame</name>
         <load_address>0xa7f</load_address>
         <run_address>0xa7f</run_address>
         <size>0x51</size>
         <input_file_ref idref="fl-e2"/>
      </object_component>
      <object_component id="oc-1e1">
         <name>.debug_abbrev</name>
         <load_address>0x0</load_address>
         <run_address>0x0</run_address>
         <size>0x5d</size>
         <input_file_ref idref="fl-2"/>
      </object_component>
      <object_component id="oc-11f">
         <name>.debug_abbrev</name>
         <load_address>0x5d</load_address>
         <run_address>0x5d</run_address>
         <size>0x9b</size>
         <input_file_ref idref="fl-2"/>
      </object_component>
      <object_component id="oc-16f">
         <name>.debug_abbrev</name>
         <load_address>0xf8</load_address>
         <run_address>0xf8</run_address>
         <size>0xbd</size>
         <input_file_ref idref="fl-2"/>
      </object_component>
      <object_component id="oc-174">
         <name>.debug_abbrev</name>
         <load_address>0x1b5</load_address>
         <run_address>0x1b5</run_address>
         <size>0x97</size>
         <input_file_ref idref="fl-2"/>
      </object_component>
      <object_component id="oc-38">
         <name>.debug_abbrev</name>
         <load_address>0x24c</load_address>
         <run_address>0x24c</run_address>
         <size>0x1f</size>
         <input_file_ref idref="fl-2"/>
      </object_component>
      <object_component id="oc-11c">
         <name>.debug_abbrev</name>
         <load_address>0x26b</load_address>
         <run_address>0x26b</run_address>
         <size>0x35</size>
         <input_file_ref idref="fl-2"/>
      </object_component>
      <object_component id="oc-191">
         <name>.debug_abbrev</name>
         <load_address>0x2a0</load_address>
         <run_address>0x2a0</run_address>
         <size>0x66</size>
         <input_file_ref idref="fl-3"/>
      </object_component>
[...]
         <object_component_ref idref="oc-158"/>
      </symbol>
      <symbol id="sm-112">
         <name>waveform_isr</name>
         <value>0x20004ee0</value>
      </symbol>
      <symbol id="sm-113">
         <name>lut_sine</name>
         <value>0x20002760</value>
      </symbol>
      <symbol id="sm-114">
         <name>lut_square</name>
         <value>0x20003b10</value>
      </symbol>
      <symbol id="sm-115">
         <name>lut_sawtooth</name>
         <value>0x200013b0</value>
      </symbol>
      <symbol id="sm-116">
         <name>lut_fullcredit</name>
         <value>0x20000000</value>
      </symbol>
      <symbol id="sm-117">
         <name>fgen_state</name>
         <value>0x20004ecc</value>
      </symbol>
      <symbol id="sm-118">
         <name>lut</name>
         <value>0x20004ed4</value>
      </symbol>
      <symbol id="sm-119">
         <name>square_upper</name>
         <value>0x20004edc</value>
      </symbol>
      <symbol id="sm-11a">
         <name>square_lower</name>
         <value>0x20004ed8</value>
      </symbol>
      <symbol id="sm-11b">
         <name>lut_index</name>
         <value>0x20004f14</value>
         <object_component_ref idref="oc-151"/>
      </symbol>
      <symbol id="sm-11c">
         <name>change_wave</name>
         <value>0x1035</value>
         <object_component_ref idref="oc-ca"/>
      </symbol>
      <symbol id="sm-11d">
         <name>get_duty_cycle</name>
         <value>0x112d</value>
         <object_component_ref idref="oc-ca"/>
      </symbol>
      <symbol id="sm-11e">
         <name>init_fgen</name>
         <value>0xde1</value>
         <object_component_ref idref="oc-ca"/>
      </symbol>
      <symbol id="sm-11f">
         <name>square_isr</name>
         <value>0x11e5</value>
         <object_component_ref idref="oc-ca"/>
      </symbol>
      <symbol id="sm-120">
         <name>init_lut</name>
         <value>0xdfd</value>
         <object_component_ref idref="oc-ca"/>
      </symbol>
      <symbol id="sm-121">
         <name>sawtooth_sine_isr</name>
         <value>0x1191</value>
         <object_component_ref idref="oc-ca"/>
      </symbol>
      <symbol id="sm-122">
         <name>inc_by_frequency</name>
         <value>0x20004f00</value>
         <object_component_ref idref="oc-154"/>
      </symbol>
      <symbol id="sm-123">
         <name>change_frequency</name>
         <value>0x1141</value>
         <object_component_ref idref="oc-ca"/>
      </symbol>
      <symbol id="sm-124">
         <name>change_duty_cycle</name>
         <value>0x10cd</value>
         <object_component_ref idref="oc-ca"/>
      </symbol>
      <symbol id="sm-15d">
         <name>keypad_getkey</name>
         <value>0x1f33</value>
         <object_component_ref idref="oc-d0"/>
      </symbol>
      <symbol id="sm-15e">
         <name>keymap</name>
         <value>0x20004ee4</value>
         <object_component_ref idref="oc-161"/>
      </symbol>
      <symbol id="sm-15f">
         <name>keypad_init</name>
         <value>0x1f11</value>
         <object_component_ref idref="oc-d0"/>
      </symbol>
      <symbol id="sm-195">
         <name>TA0_0_IRQHandler</name>
         <value>0x174b</value>
         <object_component_ref idref="oc-7b"/>
      </symbol>
      <symbol id="sm-196">
         <name>key</name>
         <value>0x20004f0a</value>
         <object_component_ref idref="oc-e5"/>
      </symbol>
      <symbol id="sm-197">
         <name>main</name>
         <value>0x15c9</value>
         <object_component_ref idref="oc-7b"/>
      </symbol>
      <symbol id="sm-198">
         <name>key_follower</name>
         <value>0x20004f0b</value>
         <object_component_ref idref="oc-e5"/>
      </symbol>
      <symbol id="sm-1ad">
         <name>Reset_Handler</name>
         <value>0x2a9b</value>
         <object_component_ref idref="oc-75"/>
      </symbol>
      <symbol id="sm-1ae">
         <name>Default_Handler</name>
         <value>0x2aa7</value>
         <object_component_ref idref="oc-75"/>
      </symbol>
      <symbol id="sm-1af">
         <name>interruptVectors</name>
         <value>0x0</value>
         <object_component_ref idref="oc-2c"/>
      </symbol>
      <symbol id="sm-1f5">
         <name>SystemInit</name>
         <value>0x150d</value>
         <object_component_ref idref="oc-b7"/>
      </symbol>
      <symbol id="sm-1f6">
         <name>SystemCoreClockUpdate</name>
         <value>0x1299</value>
         <object_component_ref idref="oc-b7"/>
      </symbol>
      <symbol id="sm-1f7">
         <name>SystemCoreClock</name>
         <value>0x20004f20</value>
         <object_component_ref idref="oc-116"/>
      </symbol>
      <symbol id="sm-208">
         <name>_c_int00</name>
         <value>0x28a9</value>
         <object_component_ref idref="oc-26"/>
      </symbol>
      <symbol id="sm-209">
         <name>__stack</name>
         <value>0x2000fe00</value>
         <object_component_ref idref="oc-2f"/>
      </symbol>
      <symbol id="sm-227">
         <name>__TI_decompress_lzss</name>
         <value>0x283f</value>
         <object_component_ref idref="oc-14"/>
      </symbol>
      <symbol id="sm-23e">
         <name>__TI_decompress_none</name>
         <value>0x2a8d</value>
         <object_component_ref idref="oc-1a"/>
      </symbol>
      <symbol id="sm-255">
         <name>__TI_zero_init</name>
         <value>0x2aa9</value>
         <object_component_ref idref="oc-20"/>
      </symbol>
      <symbol id="sm-276">
         <name>C$$EXIT</name>
         <value>0x28fd</value>
         <object_component_ref idref="oc-6b"/>
      </symbol>
      <symbol id="sm-277">
         <name>abort</name>
         <value>0x2901</value>
         <object_component_ref idref="oc-6b"/>
      </symbol>
      <symbol id="sm-278">
         <name>exit</name>
         <value>0x2909</value>
         <object_component_ref idref="oc-6b"/>
      </symbol>
      <symbol id="sm-279">
         <name>__TI_dtors_ptr</name>
         <value>0x20004ef8</value>
         <object_component_ref idref="oc-ac"/>
      </symbol>
      <symbol id="sm-27a">
         <name>__TI_cleanup_ptr</name>
         <value>0x20004ef4</value>
         <object_component_ref idref="oc-ac"/>
      </symbol>
      <symbol id="sm-27b">
         <name>__TI_enable_exit_profile_output</name>
         <value>0x20004efc</value>
         <object_component_ref idref="oc-ac"/>
      </symbol>
      <symbol id="sm-292">
         <name>__aeabi_dsub</name>
         <value>0x17ad</value>
         <object_component_ref idref="oc-db"/>
      </symbol>
      <symbol id="sm-293">
         <name>__aeabi_dadd</name>
         <value>0x17b7</value>
         <object_component_ref idref="oc-db"/>
      </symbol>
      <symbol id="sm-2b5">
         <name>__aeabi_cdcmpeq</name>
         <value>0x25d9</value>
         <object_component_ref idref="oc-140"/>
      </symbol>
      <symbol id="sm-2b6">
         <name>__aeabi_cdcmple</name>
         <value>0x25d9</value>
         <object_component_ref idref="oc-140"/>
      </symbol>
      <symbol id="sm-2b7">
         <name>__aeabi_cdrcmple</name>
         <value>0x265f</value>
         <object_component_ref idref="oc-145"/>
      </symbol>
      <symbol id="sm-2cb">
         <name>__aeabi_ddiv</name>
         <value>0x2061</value>
         <object_component_ref idref="oc-12a"/>
      </symbol>
      <symbol id="sm-2d6">
         <name>__aeabi_dmul</name>
         <value>0x2197</value>
         <object_component_ref idref="oc-12f"/>
      </symbol>
      <symbol id="sm-2e0">
         <name>__aeabi_d2iz</name>
         <value>0x299d</value>
         <object_component_ref idref="oc-13a"/>
      </symbol>
      <symbol id="sm-2ec">
         <name>__aeabi_d2f</name>
         <value>0x27d1</value>
         <object_component_ref idref="oc-e0"/>
      </symbol>
      <symbol id="sm-2f7">
         <name>__aeabi_f2d</name>
         <value>0x29e5</value>
         <object_component_ref idref="oc-d6"/>
      </symbol>
      <symbol id="sm-301">
         <name>__aeabi_i2d</name>
         <value>0x2a1d</value>
         <object_component_ref idref="oc-125"/>
      </symbol>
      <symbol id="sm-31c">
         <name>memcpy</name>
         <value>0x253d</value>
         <object_component_ref idref="oc-3b"/>
      </symbol>
      <symbol id="sm-31d">
         <name>__aeabi_memcpy</name>
         <value>0x253d</value>
         <object_component_ref idref="oc-3b"/>
      </symbol>
      <symbol id="sm-31e">
         <name>__aeabi_memcpy8</name>
         <value>0x253d</value>
         <object_component_ref idref="oc-3b"/>
      </symbol>
      <symbol id="sm-31f">
         <name>__aeabi_memcpy4</name>
         <value>0x253d</value>
         <object_component_ref idref="oc-3b"/>
      </symbol>
      <symbol id="sm-32e">
         <name>__aeabi_memset</name>
         <value>0x26e7</value>
         <object_component_ref idref="oc-47"/>
      </symbol>
      <symbol id="sm-32f">
         <name>memset</name>
         <value>0x26ed</value>
         <object_component_ref idref="oc-47"/>
      </symbol>
      <symbol id="sm-330">
         <name>__aeabi_memset8</name>
         <value>0x26e7</value>
         <object_component_ref idref="oc-47"/>
      </symbol>
      <symbol id="sm-331">
         <name>__aeabi_memset4</name>
         <value>0x26e7</value>
         <object_component_ref idref="oc-47"/>
      </symbol>
      <symbol id="sm-332">
         <name>__aeabi_memclr8</name>
         <value>0x26e5</value>
         <object_component_ref idref="oc-47"/>
      </symbol>
      <symbol id="sm-333">
         <name>__aeabi_memclr4</name>
         <value>0x26e5</value>
         <object_component_ref idref="oc-47"/>
      </symbol>
      <symbol id="sm-334">
         <name>__aeabi_memclr</name>
         <value>0x26e5</value>
         <object_component_ref idref="oc-47"/>
      </symbol>
      <symbol id="sm-33e">
         <name>__mpu_init</name>
         <value>0x1963</value>
         <object_component_ref idref="oc-53"/>
      </symbol>
      <symbol id="sm-348">
         <name>_system_pre_init</name>
         <value>0x2ab5</value>
         <object_component_ref idref="oc-59"/>
      </symbol>
      <symbol id="sm-399">
         <name>sin</name>
         <value>0x81d</value>
         <object_component_ref idref="oc-134"/>
      </symbol>
      <symbol id="sm-39a">
         <name>sinl</name>
         <value>0x81d</value>
         <object_component_ref idref="oc-134"/>
      </symbol>
      <symbol id="sm-3a2">
         <name>main_func_sp</name>
         <value>0x20004f1c</value>
         <object_component_ref idref="oc-71"/>
      </symbol>
      <symbol id="sm-3bb">
         <name>_nop</name>
         <value>0x2a73</value>
         <object_component_ref idref="oc-10a"/>
      </symbol>
      <symbol id="sm-3bc">
         <name>_lock</name>
         <value>0x20004f0c</value>
         <object_component_ref idref="oc-af"/>
      </symbol>
      <symbol id="sm-3bd">
         <name>_unlock</name>
         <value>0x20004f10</value>
         <object_component_ref idref="oc-af"/>
      </symbol>
      <symbol id="sm-3be">
         <name>_register_lock</name>
         <value>0x2a6b</value>
         <object_component_ref idref="oc-10a"/>
      </symbol>
      <symbol id="sm-3bf">
         <name>_register_unlock</name>
         <value>0x2a65</value>
         <object_component_ref idref="oc-10a"/>
      </symbol>
      <symbol id="sm-3d3">
         <name>_args_main</name>
         <value>0x2a4d</value>
         <object_component_ref idref="oc-65"/>
      </symbol>
      <symbol id="sm-3fd">
         <name>__TI_auto_init</name>
         <value>0x2761</value>
         <object_component_ref idref="oc-5f"/>
      </symbol>
      <symbol id="sm-417">
         <name>copy_in</name>
         <value>0x2951</value>
         <object_component_ref idref="oc-9c"/>
      </symbol>
      <symbol id="sm-42d">
         <name>__kernel_cos</name>
         <value>0x1c55</value>
         <object_component_ref idref="oc-1a2"/>
      </symbol>
      <symbol id="sm-496">
         <name>__kernel_rem_pio2</name>
         <value>0xe5</value>
         <object_component_ref idref="oc-19c"/>
      </symbol>
      <symbol id="sm-4ad">
         <name>__kernel_sin</name>
         <value>0x1ae1</value>
         <object_component_ref idref="oc-196"/>
      </symbol>
      <symbol id="sm-4ca">
         <name>floorl</name>
         <value>0x2391</value>
         <object_component_ref idref="oc-1cc"/>
      </symbol>
      <symbol id="sm-4cb">
         <name>floor</name>
         <value>0x2391</value>
         <object_component_ref idref="oc-1cc"/>
      </symbol>
      <symbol id="sm-4e8">
         <name>scalbn</name>
         <value>0x2295</value>
         <object_component_ref idref="oc-1c6"/>
      </symbol>
      <symbol id="sm-4e9">
         <name>scalbnl</name>
         <value>0x2295</value>
         <object_component_ref idref="oc-1c6"/>
      </symbol>
      <symbol id="sm-4ea">
         <name>ldexpl</name>
         <value>0x2295</value>
         <object_component_ref idref="oc-1c6"/>
      </symbol>
      <symbol id="sm-4eb">
         <name>ldexp</name>
         <value>0x2295</value>
         <object_component_ref idref="oc-1c6"/>
      </symbol>
      <symbol id="sm-4f5">
         <name>_system_post_cinit</name>
         <value>0x2293</value>
         <object_component_ref idref="oc-a2"/>
      </symbol>
      <symbol id="sm-4fd">
         <name>errno</name>
         <value>0x20004f18</value>
         <object_component_ref idref="oc-1eb"/>
      </symbol>
      <symbol id="sm-507">
         <name>copysign</name>
         <value>0x2a79</value>
         <object_component_ref idref="oc-1e5"/>
      </symbol>
      <symbol id="sm-508">
         <name>copysignl</name>
         <value>0x2a79</value>
         <object_component_ref idref="oc-1e5"/>
      </symbol>
      <symbol id="sm-509">
         <name>__TI_static_base__</name>
         <value>0x0</value>
      </symbol>
      <symbol id="sm-50c">
         <name>SHT$$INIT_ARRAY$$Limit</name>
         <value>0x0</value>
      </symbol>
      <symbol id="sm-50d">
         <name>SHT$$INIT_ARRAY$$Base</name>
         <value>0x0</value>
      </symbol>
      <symbol id="sm-50e">
         <name>NMI_Handler</name>
         <value>0x2aa7</value>
      </symbol>
      <symbol id="sm-50f">
         <name>HardFault_Handler</name>
         <value>0x2aa7</value>
      </symbol>
      <symbol id="sm-510">
         <name>MemManage_Handler</name>
         <value>0x2aa7</value>
      </symbol>
      <symbol id="sm-511">
         <name>BusFault_Handler</name>
         <value>0x2aa7</value>
      </symbol>
      <symbol id="sm-512">
         <name>UsageFault_Handler</name>
         <value>0x2aa7</value>
      </symbol>
      <symbol id="sm-513">
         <name>SVC_Handler</name>
         <value>0x2aa7</value>
      </symbol>
      <symbol id="sm-514">
         <name>DebugMon_Handler</name>
         <value>0x2aa7</value>
      </symbol>
      <symbol id="sm-515">
         <name>PendSV_Handler</name>
         <value>0x2aa7</value>
      </symbol>
      <symbol id="sm-516">
         <name>SysTick_Handler</name>
         <value>0x2aa7</value>
      </symbol>
      <symbol id="sm-517">
         <name>PSS_IRQHandler</name>
         <value>0x2aa7</value>
      </symbol>
      <symbol id="sm-518">
         <name>CS_IRQHandler</name>
         <value>0x2aa7</value>
      </symbol>
      <symbol id="sm-519">
         <name>PCM_IRQHandler</name>
         <value>0x2aa7</value>
      </symbol>
      <symbol id="sm-51a">
         <name>WDT_A_IRQHandler</name>
         <value>0x2aa7</value>
      </symbol>
      <symbol id="sm-51b">
         <name>FPU_IRQHandler</name>
         <value>0x2aa7</value>
      </symbol>
      <symbol id="sm-51c">
         <name>FLCTL_IRQHandler</name>
         <value>0x2aa7</value>
      </symbol>
      <symbol id="sm-51d">
         <name>COMP_E0_IRQHandler</name>
         <value>0x2aa7</value>
      </symbol>
      <symbol id="sm-51e">
         <name>COMP_E1_IRQHandler</name>
         <value>0x2aa7</value>
      </symbol>
      <symbol id="sm-51f">
         <name>TA0_0_IRQHandler</name>
         <value>0x174b</value>
      </symbol>
      <symbol id="sm-520">
         <name>TA0_N_IRQHandler</name>
         <value>0x2aa7</value>
      </symbol>
      <symbol id="sm-521">
         <name>TA1_0_IRQHandler</name>
         <value>0x2aa7</value>
      </symbol>
      <symbol id="sm-522">
         <name>TA1_N_IRQHandler</name>
         <value>0x2aa7</value>
      </symbol>
      <symbol id="sm-523">
         <name>TA2_0_IRQHandler</name>
         <value>0x2aa7</value>
      </symbol>
      <symbol id="sm-524">
         <name>TA2_N_IRQHandler</name>
         <value>0x2aa7</value>
      </symbol>
      <symbol id="sm-525">
         <name>TA3_0_IRQHandler</name>
         <value>0x2aa7</value>
      </symbol>
      <symbol id="sm-526">
         <name>TA3_N_IRQHandler</name>
         <value>0x2aa7</value>
      </symbol>
      <symbol id="sm-527">
         <name>EUSCIA0_IRQHandler</name>
         <value>0x2aa7</value>
      </symbol>
      <symbol id="sm-528">
         <name>EUSCIA1_IRQHandler</name>
         <value>0x2aa7</value>
      </symbol>
      <symbol id="sm-529">
         <name>EUSCIA2_IRQHandler</name>
         <value>0x2aa7</value>
      </symbol>
      <symbol id="sm-52a">
         <name>EUSCIA3_IRQHandler</name>
         <value>0x2aa7</value>
      </symbol>
      <symbol id="sm-52b">
         <name>EUSCIB0_IRQHandler</name>
         <value>0x2aa7</value>
      </symbol>
      <symbol id="sm-52c">
         <name>EUSCIB1_IRQHandler</name>
         <value>0x2aa7</value>
      </symbol>
      <symbol id="sm-52d">
         <name>EUSCIB2_IRQHandler</name>
         <value>0x2aa7</value>
      </symbol>
      <symbol id="sm-52e">
         <name>EUSCIB3_IRQHandler</name>
         <value>0x2aa7</value>
      </symbol>
      <symbol id="sm-52f">
         <name>ADC14_IRQHandler</name>
         <value>0x2aa7</value>
      </symbol>
      <symbol id="sm-530">
         <name>T32_INT1_IRQHandler</name>
         <value>0x2aa7</value>
      </symbol>
      <symbol id="sm-531">
         <name>T32_INT2_IRQHandler</name>
         <value>0x2aa7</value>
      </symbol>
      <symbol id="sm-532">
         <name>T32_INTC_IRQHandler</name>
         <value>0x2aa7</value>
      </symbol>
      <symbol id="sm-533">
         <name>AES256_IRQHandler</name>
         <value>0x2aa7</value>
      </symbol>
      <symbol id="sm-534">
         <name>RTC_C_IRQHandler</name>
         <value>0x2aa7</value>
      </symbol>
      <symbol id="sm-535">
         <name>DMA_ERR_IRQHandler</name>
         <value>0x2aa7</value>
      </symbol>
      <symbol id="sm-536">
         <name>DMA_INT3_IRQHandler</name>
         <value>0x2aa7</value>
      </symbol>
      <symbol id="sm-537">
         <name>DMA_INT2_IRQHandler</name>
         <value>0x2aa7</value>
      </symbol>
      <symbol id="sm-538">
         <name>DMA_INT1_IRQHandler</name>
         <value>0x2aa7</value>
      </symbol>
      <symbol id="sm-539">
         <name>DMA_INT0_IRQHandler</name>
         <value>0x2aa7</value>
      </symbol>
      <symbol id="sm-53a">
         <name>PORT1_IRQHandler</name>
         <value>0x2aa7</value>
      </symbol>
      <symbol id="sm-53b">
         <name>PORT2_IRQHandler</name>
         <value>0x2aa7</value>
      </symbol>
      <symbol id="sm-53c">
         <name>PORT3_IRQHandler</name>
         <value>0x2aa7</value>
      </symbol>
      <symbol id="sm-53d">
         <name>PORT4_IRQHandler</name>
         <value>0x2aa7</value>
      </symbol>
      <symbol id="sm-53e">
         <name>PORT5_IRQHandler</name>
         <value>0x2aa7</value>
      </symbol>
      <symbol id="sm-53f">
         <name>PORT6_IRQHandler</name>
         <value>0x2aa7</value>
      </symbol>
   </symbol_table>
   <title>Link successful</title>
</link_info>
